Archive member included to satisfy reference by file (symbol)

.\CortexM3\ARM_GCC_541\Debug\colorSensor.a(Control_Reg.o)
                              .\CortexM3\ARM_GCC_541\Debug\colorSensor.o (Control_Reg_Write)
.\CortexM3\ARM_GCC_541\Debug\colorSensor.a(Counter_INT.o)
                              .\CortexM3\ARM_GCC_541\Debug\colorSensor.o (Counter_INT_StartEx)
.\CortexM3\ARM_GCC_541\Debug\colorSensor.a(Counter.o)
                              .\CortexM3\ARM_GCC_541\Debug\colorSensor.o (Counter_Stop)
.\CortexM3\ARM_GCC_541\Debug\colorSensor.a(Timer.o)
                              .\CortexM3\ARM_GCC_541\Debug\colorSensor.o (Timer_Stop)
.\CortexM3\ARM_GCC_541\Debug\colorSensor.a(Timer_INT.o)
                              .\CortexM3\ARM_GCC_541\Debug\colorSensor.o (Timer_INT_StartEx)
.\CortexM3\ARM_GCC_541\Debug\colorSensor.a(UART_1.o)
                              .\CortexM3\ARM_GCC_541\Debug\main.o (UART_1_Start)
.\CortexM3\ARM_GCC_541\Debug\colorSensor.a(S0.o)
                              .\CortexM3\ARM_GCC_541\Debug\colorSensor.o (S0_Write)
.\CortexM3\ARM_GCC_541\Debug\colorSensor.a(S1.o)
                              .\CortexM3\ARM_GCC_541\Debug\colorSensor.o (S1_Write)
.\CortexM3\ARM_GCC_541\Debug\colorSensor.a(S2.o)
                              .\CortexM3\ARM_GCC_541\Debug\colorSensor.o (S2_Write)
.\CortexM3\ARM_GCC_541\Debug\colorSensor.a(S3.o)
                              .\CortexM3\ARM_GCC_541\Debug\colorSensor.o (S3_Write)
.\CortexM3\ARM_GCC_541\Debug\colorSensor.a(UART_1_IntClock.o)
                              .\CortexM3\ARM_GCC_541\Debug\colorSensor.a(UART_1.o) (UART_1_IntClock_Start)
.\CortexM3\ARM_GCC_541\Debug\colorSensor.a(CyLib.o)
                              .\CortexM3\ARM_GCC_541\Debug\Cm3Start.o (CyHalt)
.\CortexM3\ARM_GCC_541\Debug\colorSensor.a(cyPm.o)
                              .\CortexM3\ARM_GCC_541\Debug\colorSensor.a(CyLib.o) (CyPmReadStatus)
.\CortexM3\ARM_GCC_541\Debug\colorSensor.a(OE.o)
                              .\CortexM3\ARM_GCC_541\Debug\colorSensor.o (OE_Write)
.\CortexM3\ARM_GCC_541\Debug\colorSensor.a(CyBootAsmGnu.o)
                              .\CortexM3\ARM_GCC_541\Debug\cyfitter_cfg.o (CyDelayCycles)
.\CortexM3\ARM_GCC_541\Debug\colorSensor.a(CyFlash.o)
                              .\CortexM3\ARM_GCC_541\Debug\colorSensor.a(cyPm.o) (CyFlash_SetWaitCycles)
.\CortexM3\ARM_GCC_541\Debug\colorSensor.a(CySpc.o)
                              .\CortexM3\ARM_GCC_541\Debug\colorSensor.a(CyFlash.o) (CySpcStart)
c:/program files (x86)/cypress/psoc creator/4.3/psoc creator/import/gnu/arm/5.4.1/bin/../lib/gcc/arm-none-eabi/5.4.1/armv7-m\libgcc.a(_arm_addsubdf3.o)
                              .\CortexM3\ARM_GCC_541\Debug\colorSensor.o (__aeabi_dadd)
c:/program files (x86)/cypress/psoc creator/4.3/psoc creator/import/gnu/arm/5.4.1/bin/../lib/gcc/arm-none-eabi/5.4.1/armv7-m\libgcc.a(_arm_muldivdf3.o)
                              .\CortexM3\ARM_GCC_541\Debug\colorSensor.o (__aeabi_dmul)
c:/program files (x86)/cypress/psoc creator/4.3/psoc creator/import/gnu/arm/5.4.1/bin/../lib/gcc/arm-none-eabi/5.4.1/armv7-m\libgcc.a(_arm_cmpdf2.o)
                              .\CortexM3\ARM_GCC_541\Debug\colorSensor.o (__aeabi_dcmpgt)
c:/program files (x86)/cypress/psoc creator/4.3/psoc creator/import/gnu/arm/5.4.1/bin/../lib/gcc/arm-none-eabi/5.4.1/../../../../arm-none-eabi/lib/armv7-m\libg_nano.a(lib_a-errno.o)
                              .\CortexM3\ARM_GCC_541\Debug\Cm3Start.o (__errno)
c:/program files (x86)/cypress/psoc creator/4.3/psoc creator/import/gnu/arm/5.4.1/bin/../lib/gcc/arm-none-eabi/5.4.1/../../../../arm-none-eabi/lib/armv7-m\libg_nano.a(lib_a-exit.o)
                              c:/program files (x86)/cypress/psoc creator/4.3/psoc creator/import/gnu/arm/5.4.1/bin/../lib/gcc/arm-none-eabi/5.4.1/../../../../arm-none-eabi/lib/armv7-m/crt0.o (exit)
c:/program files (x86)/cypress/psoc creator/4.3/psoc creator/import/gnu/arm/5.4.1/bin/../lib/gcc/arm-none-eabi/5.4.1/../../../../arm-none-eabi/lib/armv7-m\libg_nano.a(lib_a-impure.o)
                              c:/program files (x86)/cypress/psoc creator/4.3/psoc creator/import/gnu/arm/5.4.1/bin/../lib/gcc/arm-none-eabi/5.4.1/../../../../arm-none-eabi/lib/armv7-m\libg_nano.a(lib_a-exit.o) (_global_impure_ptr)
c:/program files (x86)/cypress/psoc creator/4.3/psoc creator/import/gnu/arm/5.4.1/bin/../lib/gcc/arm-none-eabi/5.4.1/../../../../arm-none-eabi/lib/armv7-m\libg_nano.a(lib_a-init.o)
                              c:/program files (x86)/cypress/psoc creator/4.3/psoc creator/import/gnu/arm/5.4.1/bin/../lib/gcc/arm-none-eabi/5.4.1/../../../../arm-none-eabi/lib/armv7-m/crt0.o (__libc_init_array)
c:/program files (x86)/cypress/psoc creator/4.3/psoc creator/import/gnu/arm/5.4.1/bin/../lib/gcc/arm-none-eabi/5.4.1/../../../../arm-none-eabi/lib/armv7-m\libg_nano.a(lib_a-memcpy-stub.o)
                              .\CortexM3\ARM_GCC_541\Debug\cyfitter_cfg.o (memcpy)
[...]
Memory Configuration

Name             Origin             Length             Attributes
rom              0x00000000         0x00040000         xr
ram              0x1fff8000         0x00010000         xrw
*default*        0x00000000         0xffffffff

Linker script and memory map

LOAD c:/program files (x86)/cypress/psoc creator/4.3/psoc creator/import/gnu/arm/5.4.1/bin/../lib/gcc/arm-none-eabi/5.4.1/armv7-m/crti.o
LOAD c:/program files (x86)/cypress/psoc creator/4.3/psoc creator/import/gnu/arm/5.4.1/bin/../lib/gcc/arm-none-eabi/5.4.1/armv7-m/crtbegin.o
LOAD c:/program files (x86)/cypress/psoc creator/4.3/psoc creator/import/gnu/arm/5.4.1/bin/../lib/gcc/arm-none-eabi/5.4.1/../../../../arm-none-eabi/lib/armv7-m/crt0.o
START GROUP
LOAD .\CortexM3\ARM_GCC_541\Debug\main.o
LOAD .\CortexM3\ARM_GCC_541\Debug\colorSensor.o
LOAD .\CortexM3\ARM_GCC_541\Debug\cyfitter_cfg.o
LOAD .\CortexM3\ARM_GCC_541\Debug\cymetadata.o
LOAD .\CortexM3\ARM_GCC_541\Debug\Cm3Start.o
LOAD .\CortexM3\ARM_GCC_541\Debug\colorSensor.a
LOAD C:\Program Files (x86)\Cypress\PSoC Creator\4.3\PSoC Creator\psoc\content\cycomponentlibrary\CyComponentLibrary.cylib\CortexM3\ARM_GCC_541\Debug\CyComponentLibrary.a
END GROUP
START GROUP
LOAD c:/program files (x86)/cypress/psoc creator/4.3/psoc creator/import/gnu/arm/5.4.1/bin/../lib/gcc/arm-none-eabi/5.4.1/armv7-m\libgcc.a
LOAD c:/program files (x86)/cypress/psoc creator/4.3/psoc creator/import/gnu/arm/5.4.1/bin/../lib/gcc/arm-none-eabi/5.4.1/../../../../arm-none-eabi/lib/armv7-m\libg_nano.a
LOAD c:/program files (x86)/cypress/psoc creator/4.3/psoc creator/import/gnu/arm/5.4.1/bin/../lib/gcc/arm-none-eabi/5.4.1/../../../../arm-none-eabi/lib/armv7-m\libc_nano.a
END GROUP
START GROUP
LOAD c:/program files (x86)/cypress/psoc creator/4.3/psoc creator/import/gnu/arm/5.4.1/bin/../lib/gcc/arm-none-eabi/5.4.1/armv7-m\libgcc.a
LOAD c:/program files (x86)/cypress/psoc creator/4.3/psoc creator/import/gnu/arm/5.4.1/bin/../lib/gcc/arm-none-eabi/5.4.1/../../../../arm-none-eabi/lib/armv7-m\libc_nano.a
END GROUP
LOAD c:/program files (x86)/cypress/psoc creator/4.3/psoc creator/import/gnu/arm/5.4.1/bin/../lib/gcc/arm-none-eabi/5.4.1/armv7-m/crtend.o
LOAD c:/program files (x86)/cypress/psoc creator/4.3/psoc creator/import/gnu/arm/5.4.1/bin/../lib/gcc/arm-none-eabi/5.4.1/armv7-m/crtn.o
START GROUP
LOAD c:/program files (x86)/cypress/psoc creator/4.3/psoc creator/import/gnu/arm/5.4.1/bin/../lib/gcc/arm-none-eabi/5.4.1/armv7-m\libgcc.a
LOAD c:/program files (x86)/cypress/psoc creator/4.3/psoc creator/import/gnu/arm/5.4.1/bin/../lib/gcc/arm-none-eabi/5.4.1/../../../../arm-none-eabi/lib/armv7-m\libc.a
LOAD c:/program files (x86)/cypress/psoc creator/4.3/psoc creator/import/gnu/arm/5.4.1/bin/../lib/gcc/arm-none-eabi/5.4.1/../../../../arm-none-eabi/lib/armv7-m\libnosys.a
END GROUP
                0x00000000                CY_APPL_ORIGIN = 0x0
                0x00000100                CY_FLASH_ROW_SIZE = 0x100
                0x00000020                CY_ECC_ROW_SIZE = 0x20
                0x00000000                CY_EE_IN_BTLDR = 0x0
                0x00000000                CY_APPL_LOADABLE = 0x0
                0x00000800                CY_EE_SIZE = 0x800
                0x00000001                CY_APPL_NUM = 0x1
                0x00000001                CY_APPL_MAX = 0x1
                0x00000040                CY_METADATA_SIZE = 0x40
                0x00000000                CY_APPL_LOADABLE = 0x0
                0x00000000                CY_CHECKSUM_EXCLUDE_SIZE = ALIGN (0x0, CY_FLASH_ROW_SIZE)
                [!provide]                PROVIDE (__cy_heap_start, _end)
                0x00000001                PROVIDE (__cy_region_num, ((__cy_regions_end - __cy_regions) / 0x10))
                0x20008000                PROVIDE (__cy_stack, (ORIGIN (ram) + LENGTH (ram)))
                [!provide]                PROVIDE (__cy_heap_end, (__cy_stack - 0x800))

.cybootloader   0x00000000        0x0
 *(.cybootloader)
                0x00000000                appl1_start = CY_APPL_ORIGIN?CY_APPL_ORIGIN:ALIGN (CY_FLASH_ROW_SIZE)
                0x0001ff00                appl2_start = (appl1_start + ALIGN ((((LENGTH (rom) - appl1_start) - (0x2 * CY_FLASH_ROW_SIZE)) / 0x2), CY_FLASH_ROW_SIZE))
                0x00000000                appl_start = (CY_APPL_NUM == 0x1)?appl1_start:appl2_start
                0x00000000                ecc_offset = ((appl_start / CY_FLASH_ROW_SIZE) * CY_ECC_ROW_SIZE)
                0x00000000                ee_offset = (CY_APPL_LOADABLE && ! (CY_EE_IN_BTLDR))?((CY_EE_SIZE / CY_APPL_MAX) * (CY_APPL_NUM - 0x1)):0x0
                0x00000800                ee_size = (CY_APPL_LOADABLE && ! (CY_EE_IN_BTLDR))?(CY_EE_SIZE / CY_APPL_MAX):CY_EE_SIZE
                [!provide]                PROVIDE (CY_ECC_OFFSET, ecc_offset)

.text           0x00000000     0x1ca8
 CREATE_OBJECT_SYMBOLS
                0x00000000                PROVIDE (__cy_interrupt_vector, RomVectors)
 *(.romvectors)
 .romvectors    0x00000000       0x10 .\CortexM3\ARM_GCC_541\Debug\Cm3Start.o
                0x00000000                RomVectors
                0x00000001                ASSERT ((. != __cy_interrupt_vector), No interrupt vector)
                0x00000001                ASSERT (CY_APPL_ORIGIN?(SIZEOF (.cybootloader) <= CY_APPL_ORIGIN):0x1, Wrong image location)
                0x00000010                PROVIDE (__cy_reset, Reset)
 *(.text.Reset)
 .text.Reset    0x00000010       0x18 .\CortexM3\ARM_GCC_541\Debug\Cm3Start.o
                0x00000010                Reset
                0x00000001                ASSERT ((. != __cy_reset), No reset code)
 *(.dma_init)
                0x00000001                ASSERT ((((appl_start + .) <= 0x10000) || 0x1), DMA Init must be within the first 64k of flash)
 *(.text .text.* .gnu.linkonce.t.*)
 .text          0x00000028       0x5c c:/program files (x86)/cypress/psoc creator/4.3/psoc creator/import/gnu/arm/5.4.1/bin/../lib/gcc/arm-none-eabi/5.4.1/armv7-m/crtbegin.o
 .text.main     0x00000084       0xac .\CortexM3\ARM_GCC_541\Debug\main.o
                0x00000084                main
 .text.timer_isr
                0x00000130       0x30 .\CortexM3\ARM_GCC_541\Debug\colorSensor.o
                0x00000130                timer_isr
 .text.counter_isr
                0x00000160       0x14 .\CortexM3\ARM_GCC_541\Debug\colorSensor.o
                0x00000160                counter_isr
 .text.init_start
                0x00000174       0x20 .\CortexM3\ARM_GCC_541\Debug\colorSensor.o
                0x00000174                init_start
 .text.read_color
                0x00000194       0x44 .\CortexM3\ARM_GCC_541\Debug\colorSensor.o
                0x00000194                read_color
 .text.get_freq
                0x000001d8       0x78 .\CortexM3\ARM_GCC_541\Debug\colorSensor.o
                0x000001d8                get_freq
 .text.standardColor
                0x00000250       0x38 .\CortexM3\ARM_GCC_541\Debug\colorSensor.o
                0x00000250                standardColor
 .text.getColor
                0x00000288      0x124 .\CortexM3\ARM_GCC_541\Debug\colorSensor.o
                0x00000288                getColor
 .text.CyClockStartupError
                0x000003ac        0x4 .\CortexM3\ARM_GCC_541\Debug\cyfitter_cfg.o
 .text.cfg_write_bytes32
                0x000003b0       0x34 .\CortexM3\ARM_GCC_541\Debug\cyfitter_cfg.o
 .text.AnalogSetDefault
                0x000003e4       0x28 .\CortexM3\ARM_GCC_541\Debug\cyfitter_cfg.o
 .text.CYMEMZERO
                0x0000040c        0xc .\CortexM3\ARM_GCC_541\Debug\cyfitter_cfg.o
 .text.ClockSetup
                0x00000418       0xd8 .\CortexM3\ARM_GCC_541\Debug\cyfitter_cfg.o
 .text.CYCONFIGCPY
                0x000004f0        0x8 .\CortexM3\ARM_GCC_541\Debug\cyfitter_cfg.o
 .text.cyfitter_cfg
                0x000004f8      0x110 .\CortexM3\ARM_GCC_541\Debug\cyfitter_cfg.o
                0x000004f8                cyfitter_cfg
 .text.IntDefaultHandler
                0x00000608       0x10 .\CortexM3\ARM_GCC_541\Debug\Cm3Start.o
                0x00000608                IntDefaultHandler
 .text._sbrk    0x00000618       0x30 .\CortexM3\ARM_GCC_541\Debug\Cm3Start.o
                0x00000618                _sbrk
 .text.Start_c  0x00000648       0x4c .\CortexM3\ARM_GCC_541\Debug\Cm3Start.o
                0x00000648                Start_c
 .text.initialize_psoc
                0x00000694       0x68 .\CortexM3\ARM_GCC_541\Debug\Cm3Start.o
                0x00000694                initialize_psoc
 .text.Control_Reg_Write
                0x000006fc        0xc .\CortexM3\ARM_GCC_541\Debug\colorSensor.a(Control_Reg.o)
                0x000006fc                Control_Reg_Write
 .text.Counter_INT_SetVector
                0x00000708        0xc .\CortexM3\ARM_GCC_541\Debug\colorSensor.a(Counter_INT.o)
                0x00000708                Counter_INT_SetVector
 .text.Counter_INT_SetPriority
                0x00000714       0x10 .\CortexM3\ARM_GCC_541\Debug\colorSensor.a(Counter_INT.o)
                0x00000714                Counter_INT_SetPriority
 .text.Counter_INT_Enable
                0x00000724        0xc .\CortexM3\ARM_GCC_541\Debug\colorSensor.a(Counter_INT.o)
                0x00000724                Counter_INT_Enable
 .text.Counter_INT_Disable
                0x00000730        0xc .\CortexM3\ARM_GCC_541\Debug\colorSensor.a(Counter_INT.o)
                0x00000730                Counter_INT_Disable
 .text.Counter_INT_StartEx
                0x0000073c       0x1c .\CortexM3\ARM_GCC_541\Debug\colorSensor.a(Counter_INT.o)
                0x0000073c                Counter_INT_StartEx
 .text.Counter_INT_ClearPending
                0x00000758        0xc .\CortexM3\ARM_GCC_541\Debug\colorSensor.a(Counter_INT.o)
                0x00000758                Counter_INT_ClearPending
 .text.Counter_Enable
                0x00000764       0x10 .\CortexM3\ARM_GCC_541\Debug\colorSensor.a(Counter.o)
                0x00000764                Counter_Enable
 .text.Counter_Stop
                0x00000774       0x10 .\CortexM3\ARM_GCC_541\Debug\colorSensor.a(Counter.o)
                0x00000774                Counter_Stop
 .text.Counter_SetInterruptMode
                0x00000784        0xc .\CortexM3\ARM_GCC_541\Debug\colorSensor.a(Counter.o)
                0x00000784                Counter_SetInterruptMode
 .text.Counter_ReadStatusRegister
                0x00000790        0xc .\CortexM3\ARM_GCC_541\Debug\colorSensor.a(Counter.o)
                0x00000790                Counter_ReadStatusRegister
 .text.Counter_WriteCounter
                0x0000079c        0xc .\CortexM3\ARM_GCC_541\Debug\colorSensor.a(Counter.o)
                0x0000079c                Counter_WriteCounter
 .text.Counter_ReadCounter
                0x000007a8       0x14 .\CortexM3\ARM_GCC_541\Debug\colorSensor.a(Counter.o)
                0x000007a8                Counter_ReadCounter
 .text.Counter_ReadCapture
                0x000007bc        0xc .\CortexM3\ARM_GCC_541\Debug\colorSensor.a(Counter.o)
                0x000007bc                Counter_ReadCapture
 .text.Counter_WritePeriod
                0x000007c8        0xc .\CortexM3\ARM_GCC_541\Debug\colorSensor.a(Counter.o)
                0x000007c8                Counter_WritePeriod
 .text.Counter_WriteCompare
                0x000007d4        0xc .\CortexM3\ARM_GCC_541\Debug\colorSensor.a(Counter.o)
                0x000007d4                Counter_WriteCompare
 .text.Counter_ClearFIFO
                0x000007e0       0x14 .\CortexM3\ARM_GCC_541\Debug\colorSensor.a(Counter.o)
                0x000007e0                Counter_ClearFIFO
 .text.Counter_Init
                0x000007f4       0x58 .\CortexM3\ARM_GCC_541\Debug\colorSensor.a(Counter.o)
                0x000007f4                Counter_Init
 .text.Counter_Start
                0x0000084c       0x1c .\CortexM3\ARM_GCC_541\Debug\colorSensor.a(Counter.o)
                0x0000084c                Counter_Start
 .text.Timer_Enable
                0x00000868       0x10 .\CortexM3\ARM_GCC_541\Debug\colorSensor.a(Timer.o)
                0x00000868                Timer_Enable
 .text.Timer_Stop
                0x00000878       0x10 .\CortexM3\ARM_GCC_541\Debug\colorSensor.a(Timer.o)
                0x00000878                Timer_Stop
 .text.Timer_SetInterruptMode
                0x00000888        0xc .\CortexM3\ARM_GCC_541\Debug\colorSensor.a(Timer.o)
                0x00000888                Timer_SetInterruptMode
 .text.Timer_ReadStatusRegister
                0x00000894        0xc .\CortexM3\ARM_GCC_541\Debug\colorSensor.a(Timer.o)
                0x00000894                Timer_ReadStatusRegister
 .text.Timer_WritePeriod
                0x000008a0        0xc .\CortexM3\ARM_GCC_541\Debug\colorSensor.a(Timer.o)
                0x000008a0                Timer_WritePeriod
 .text.Timer_ReadCapture
                0x000008ac        0xc .\CortexM3\ARM_GCC_541\Debug\colorSensor.a(Timer.o)
                0x000008ac                Timer_ReadCapture
 .text.Timer_WriteCounter
                0x000008b8        0xc .\CortexM3\ARM_GCC_541\Debug\colorSensor.a(Timer.o)
                0x000008b8                Timer_WriteCounter
 .text.Timer_ClearFIFO
                0x000008c4       0x14 .\CortexM3\ARM_GCC_541\Debug\colorSensor.a(Timer.o)
                0x000008c4                Timer_ClearFIFO
 .text.Timer_Init
                0x000008d8       0x34 .\CortexM3\ARM_GCC_541\Debug\colorSensor.a(Timer.o)
                0x000008d8                Timer_Init
 .text.Timer_Start
                0x0000090c       0x1c .\CortexM3\ARM_GCC_541\Debug\colorSensor.a(Timer.o)
                0x0000090c                Timer_Start
 .text.Timer_INT_SetVector
                0x00000928        0xc .\CortexM3\ARM_GCC_541\Debug\colorSensor.a(Timer_INT.o)
                0x00000928                Timer_INT_SetVector
 .text.Timer_INT_SetPriority
                0x00000934       0x10 .\CortexM3\ARM_GCC_541\Debug\colorSensor.a(Timer_INT.o)
                0x00000934                Timer_INT_SetPriority
 .text.Timer_INT_Enable
                0x00000944        0xc .\CortexM3\ARM_GCC_541\Debug\colorSensor.a(Timer_INT.o)
                0x00000944                Timer_INT_Enable
 .text.Timer_INT_Disable
                0x00000950        0xc .\CortexM3\ARM_GCC_541\Debug\colorSensor.a(Timer_INT.o)
                0x00000950                Timer_INT_Disable
 .text.Timer_INT_StartEx
                0x0000095c       0x1c .\CortexM3\ARM_GCC_541\Debug\colorSensor.a(Timer_INT.o)
                0x0000095c                Timer_INT_StartEx
 .text.Timer_INT_ClearPending
                0x00000978        0xc .\CortexM3\ARM_GCC_541\Debug\colorSensor.a(Timer_INT.o)
                0x00000978                Timer_INT_ClearPending
 .text.UART_1_Init
                0x00000984       0x28 .\CortexM3\ARM_GCC_541\Debug\colorSensor.a(UART_1.o)
                0x00000984                UART_1_Init
 .text.UART_1_Enable
                0x000009ac       0x38 .\CortexM3\ARM_GCC_541\Debug\colorSensor.a(UART_1.o)
                0x000009ac                UART_1_Enable
 .text.UART_1_Start
                0x000009e4       0x1c .\CortexM3\ARM_GCC_541\Debug\colorSensor.a(UART_1.o)
                0x000009e4                UART_1_Start
 .text.UART_1_PutChar
                0x00000a00       0x18 .\CortexM3\ARM_GCC_541\Debug\colorSensor.a(UART_1.o)
                0x00000a00                UART_1_PutChar
 .text.UART_1_PutString
                0x00000a18       0x24 .\CortexM3\ARM_GCC_541\Debug\colorSensor.a(UART_1.o)
                0x00000a18                UART_1_PutString
 .text.S0_Write
                0x00000a3c       0x18 .\CortexM3\ARM_GCC_541\Debug\colorSensor.a(S0.o)
                0x00000a3c                S0_Write
 .text.S1_Write
                0x00000a54       0x18 .\CortexM3\ARM_GCC_541\Debug\colorSensor.a(S1.o)
                0x00000a54                S1_Write
 .text.S2_Write
                0x00000a6c       0x18 .\CortexM3\ARM_GCC_541\Debug\colorSensor.a(S2.o)
                0x00000a6c                S2_Write
 .text.S3_Write
                0x00000a84       0x18 .\CortexM3\ARM_GCC_541\Debug\colorSensor.a(S3.o)
                0x00000a84                S3_Write
 .text.UART_1_IntClock_Start
                0x00000a9c       0x1c .\CortexM3\ARM_GCC_541\Debug\colorSensor.a(UART_1_IntClock.o)
                0x00000a9c                UART_1_IntClock_Start
 .text.CyDelay  0x00000ab8       0x2c .\CortexM3\ARM_GCC_541\Debug\colorSensor.a(CyLib.o)
                0x00000ab8                CyDelay
 .text.OE_Write
                0x00000ae4       0x18 .\CortexM3\ARM_GCC_541\Debug\colorSensor.a(OE.o)
                0x00000ae4                OE_Write
 *fill*         0x00000afc        0x4 
 .text          0x00000b00       0x20 .\CortexM3\ARM_GCC_541\Debug\colorSensor.a(CyBootAsmGnu.o)
                0x00000b00                CyDelayCycles
                0x00000b10                CyEnterCriticalSection
                0x00000b18                CyExitCriticalSection
 .text          0x00000b20      0x370 c:/program files (x86)/cypress/psoc creator/4.3/psoc creator/import/gnu/arm/5.4.1/bin/../lib/gcc/arm-none-eabi/5.4.1/armv7-m\libgcc.a(_arm_addsubdf3.o)
                0x00000b20                __aeabi_drsub
                0x00000b28                __aeabi_dsub
                0x00000b28                __subdf3
                0x00000b2c                __aeabi_dadd
                0x00000b2c                __adddf3
                0x00000da4                __floatunsidf
                0x00000da4                __aeabi_ui2d
                0x00000dc4                __floatsidf
                0x00000dc4                __aeabi_i2d
                0x00000de8                __aeabi_f2d
                0x00000de8                __extendsfdf2
                0x00000e24                __floatundidf
                0x00000e24                __aeabi_ul2d
                0x00000e34                __floatdidf
                0x00000e34                __aeabi_l2d
 .text          0x00000e90      0x424 c:/program files (x86)/cypress/psoc creator/4.3/psoc creator/import/gnu/arm/5.4.1/bin/../lib/gcc/arm-none-eabi/5.4.1/armv7-m\libgcc.a(_arm_muldivdf3.o)
                0x00000e90                __aeabi_dmul
                0x00000e90                __muldf3
                0x000010e4                __divdf3
                0x000010e4                __aeabi_ddiv
 .text          0x000012b4      0x110 c:/program files (x86)/cypress/psoc creator/4.3/psoc creator/import/gnu/arm/5.4.1/bin/../lib/gcc/arm-none-eabi/5.4.1/armv7-m\libgcc.a(_arm_cmpdf2.o)
                0x000012b4                __gtdf2
                0x000012b4                __gedf2
                0x000012bc                __ltdf2
                0x000012bc                __ledf2
                0x000012c4                __nedf2
                0x000012c4                __eqdf2
                0x000012c4                __cmpdf2
                0x00001340                __aeabi_cdrcmple
                0x00001350                __aeabi_cdcmpeq
                0x00001350                __aeabi_cdcmple
                0x00001360                __aeabi_dcmpeq
                0x00001374                __aeabi_dcmplt
                0x00001388                __aeabi_dcmple
                0x0000139c                __aeabi_dcmpge
                0x000013b0                __aeabi_dcmpgt
 .text.__errno  0x000013c4        0xc c:/program files (x86)/cypress/psoc creator/4.3/psoc creator/import/gnu/arm/5.4.1/bin/../lib/gcc/arm-none-eabi/5.4.1/../../../../arm-none-eabi/lib/armv7-m\libg_nano.a(lib_a-errno.o)
                0x000013c4                __errno
 .text.__libc_init_array
                0x000013d0       0x4c c:/program files (x86)/cypress/psoc creator/4.3/psoc creator/import/gnu/arm/5.4.1/bin/../lib/gcc/arm-none-eabi/5.4.1/../../../../arm-none-eabi/lib/armv7-m\libg_nano.a(lib_a-init.o)
                0x000013d0                __libc_init_array
 .text.memcpy   0x0000141c       0x16 c:/program files (x86)/cypress/psoc creator/4.3/psoc creator/import/gnu/arm/5.4.1/bin/../lib/gcc/arm-none-eabi/5.4.1/../../../../arm-none-eabi/lib/armv7-m\libg_nano.a(lib_a-memcpy-stub.o)
                0x0000141c                memcpy
 .text.memset   0x00001432       0x10 c:/program files (x86)/cypress/psoc creator/4.3/psoc creator/import/gnu/arm/5.4.1/bin/../lib/gcc/arm-none-eabi/5.4.1/../../../../arm-none-eabi/lib/armv7-m\libg_nano.a(lib_a-memset.o)
                0x00001432                memset
 *fill*         0x00001442        0x2 
 .text.snprintf
                0x00001444       0x64 c:/program files (x86)/cypress/psoc creator/4.3/psoc creator/import/gnu/arm/5.4.1/bin/../lib/gcc/arm-none-eabi/5.4.1/../../../../arm-none-eabi/lib/armv7-m\libg_nano.a(lib_a-snprintf.o)
                0x00001444                sniprintf
                0x00001444                snprintf
 .text.__ssputs_r
                0x000014a8       0xb2 c:/program files (x86)/cypress/psoc creator/4.3/psoc creator/import/gnu/arm/5.4.1/bin/../lib/gcc/arm-none-eabi/5.4.1/../../../../arm-none-eabi/lib/armv7-m\libg_nano.a(lib_a-nano-svfprintf.o)
                0x000014a8                __ssputs_r
 *fill*         0x0000155a        0x2 
 .text._svfprintf_r
                0x0000155c      0x1e8 c:/program files (x86)/cypress/psoc creator/4.3/psoc creator/import/gnu/arm/5.4.1/bin/../lib/gcc/arm-none-eabi/5.4.1/../../../../arm-none-eabi/lib/armv7-m\libg_nano.a(lib_a-nano-svfprintf.o)
                0x0000155c                _svfiprintf_r
                0x0000155c                _svfprintf_r
 .text._printf_common
                0x00001744       0xec c:/program files (x86)/cypress/psoc creator/4.3/psoc creator/import/gnu/arm/5.4.1/bin/../lib/gcc/arm-none-eabi/5.4.1/../../../../arm-none-eabi/lib/armv7-m\libg_nano.a(lib_a-nano-vfprintf_i.o)
                0x00001744                _printf_common
 .text._printf_i
                0x00001830      0x24c c:/program files (x86)/cypress/psoc creator/4.3/psoc creator/import/gnu/arm/5.4.1/bin/../lib/gcc/arm-none-eabi/5.4.1/../../../../arm-none-eabi/lib/armv7-m\libg_nano.a(lib_a-nano-vfprintf_i.o)
                0x00001830                _printf_i
 .text.memchr   0x00001a7c       0x1c c:/program files (x86)/cypress/psoc creator/4.3/psoc creator/import/gnu/arm/5.4.1/bin/../lib/gcc/arm-none-eabi/5.4.1/../../../../arm-none-eabi/lib/armv7-m\libg_nano.a(lib_a-memchr-stub.o)
                0x00001a7c                memchr
 .text.memmove  0x00001a98       0x36 c:/program files (x86)/cypress/psoc creator/4.3/psoc creator/import/gnu/arm/5.4.1/bin/../lib/gcc/arm-none-eabi/5.4.1/../../../../arm-none-eabi/lib/armv7-m\libg_nano.a(lib_a-memmove.o)
                0x00001a98                memmove
 *fill*         0x00001ace        0x2 
 .text._free_r  0x00001ad0       0x98 c:/program files (x86)/cypress/psoc creator/4.3/psoc creator/import/gnu/arm/5.4.1/bin/../lib/gcc/arm-none-eabi/5.4.1/../../../../arm-none-eabi/lib/armv7-m\libg_nano.a(lib_a-nano-freer.o)
                0x00001ad0                _free_r
 .text._malloc_r
                0x00001b68       0xbc c:/program files (x86)/cypress/psoc creator/4.3/psoc creator/import/gnu/arm/5.4.1/bin/../lib/gcc/arm-none-eabi/5.4.1/../../../../arm-none-eabi/lib/armv7-m\libg_nano.a(lib_a-nano-mallocr.o)
                0x00001b68                _malloc_r
 .text._realloc_r
                0x00001c24       0x4c c:/program files (x86)/cypress/psoc creator/4.3/psoc creator/import/gnu/arm/5.4.1/bin/../lib/gcc/arm-none-eabi/5.4.1/../../../../arm-none-eabi/lib/armv7-m\libg_nano.a(lib_a-nano-reallocr.o)
                0x00001c24                _realloc_r
 .text._sbrk_r  0x00001c70       0x20 c:/program files (x86)/cypress/psoc creator/4.3/psoc creator/import/gnu/arm/5.4.1/bin/../lib/gcc/arm-none-eabi/5.4.1/../../../../arm-none-eabi/lib/armv7-m\libg_nano.a(lib_a-sbrkr.o)
                0x00001c70                _sbrk_r
 .text.__malloc_lock
                0x00001c90        0x2 c:/program files (x86)/cypress/psoc creator/4.3/psoc creator/import/gnu/arm/5.4.1/bin/../lib/gcc/arm-none-eabi/5.4.1/../../../../arm-none-eabi/lib/armv7-m\libg_nano.a(lib_a-mlock.o)
                0x00001c90                __malloc_lock
 .text.__malloc_unlock
                0x00001c92        0x2 c:/program files (x86)/cypress/psoc creator/4.3/psoc creator/import/gnu/arm/5.4.1/bin/../lib/gcc/arm-none-eabi/5.4.1/../../../../arm-none-eabi/lib/armv7-m\libg_nano.a(lib_a-mlock.o)
                0x00001c92                __malloc_unlock
 .text._malloc_usable_size_r
                0x00001c94       0x14 c:/program files (x86)/cypress/psoc creator/4.3/psoc creator/import/gnu/arm/5.4.1/bin/../lib/gcc/arm-none-eabi/5.4.1/../../../../arm-none-eabi/lib/armv7-m\libg_nano.a(lib_a-nano-msizer.o)
                0x00001c94                _malloc_usable_size_r
 *(.plt)
 *(.gnu.warning)
 *(.glue_7t)
 .glue_7t       0x00001ca8        0x0 linker stubs
 *(.glue_7)
 .glue_7        0x00001ca8        0x0 linker stubs
 *(.vfp11_veneer)
 .vfp11_veneer  0x00001ca8        0x0 linker stubs
 *(.bootloader)
 *(.ARM.extab* .gnu.linkonce.armextab.*)
 *(.gcc_except_table)

.v4_bx          0x00001ca8        0x0
 .v4_bx         0x00001ca8        0x0 linker stubs

.iplt           0x00001ca8        0x0
 .iplt          0x00001ca8        0x0 c:/program files (x86)/cypress/psoc creator/4.3/psoc creator/import/gnu/arm/5.4.1/bin/../lib/gcc/arm-none-eabi/5.4.1/armv7-m/crtbegin.o

.eh_frame_hdr
 *(.eh_frame_hdr)

.eh_frame       0x00001ca8        0x4
 *(.eh_frame)
 .eh_frame      0x00001ca8        0x0 c:/program files (x86)/cypress/psoc creator/4.3/psoc creator/import/gnu/arm/5.4.1/bin/../lib/gcc/arm-none-eabi/5.4.1/armv7-m/crtbegin.o
 .eh_frame      0x00001ca8        0x4 c:/program files (x86)/cypress/psoc creator/4.3/psoc creator/import/gnu/arm/5.4.1/bin/../lib/gcc/arm-none-eabi/5.4.1/armv7-m/crtend.o
                [!provide]                PROVIDE (__exidx_start, .)

.ARM.exidx
 *(.ARM.exidx* .gnu.linkonce.armexidx.*)
                0x00001cac                __exidx_end = .

.rodata         0x00001cac       0xec
 *(.rodata .rodata.* .gnu.linkonce.r.*)
 .rodata.str1.4
                0x00001cac       0x3c .\CortexM3\ARM_GCC_541\Debug\main.o
                                 0x3a (size before relaxing)
 .rodata        0x00001ce8       0x44 .\CortexM3\ARM_GCC_541\Debug\cyfitter_cfg.o
 .rodata.str1.1
                0x00001d2c        0x2 c:/program files (x86)/cypress/psoc creator/4.3/psoc creator/import/gnu/arm/5.4.1/bin/../lib/gcc/arm-none-eabi/5.4.1/../../../../arm-none-eabi/lib/armv7-m\libg_nano.a(lib_a-impure.o)
 .rodata.str1.1
                0x00001d2e       0x11 c:/program files (x86)/cypress/psoc creator/4.3/psoc creator/import/gnu/arm/5.4.1/bin/../lib/gcc/arm-none-eabi/5.4.1/../../../../arm-none-eabi/lib/armv7-m\libg_nano.a(lib_a-nano-svfprintf.o)
 .rodata.str1.1
                0x00001d3f       0x22 c:/program files (x86)/cypress/psoc creator/4.3/psoc creator/import/gnu/arm/5.4.1/bin/../lib/gcc/arm-none-eabi/5.4.1/../../../../arm-none-eabi/lib/armv7-m\libg_nano.a(lib_a-nano-vfprintf_i.o)
                0x00001d64                . = ALIGN (0x4)
 *fill*         0x00001d61        0x3 
 *(.init)
 .init          0x00001d64        0x4 c:/program files (x86)/cypress/psoc creator/4.3/psoc creator/import/gnu/arm/5.4.1/bin/../lib/gcc/arm-none-eabi/5.4.1/armv7-m/crti.o
                0x00001d64                _init
 .init          0x00001d68        0x8 c:/program files (x86)/cypress/psoc creator/4.3/psoc creator/import/gnu/arm/5.4.1/bin/../lib/gcc/arm-none-eabi/5.4.1/armv7-m/crtn.o
                0x00001d70                . = ALIGN (0x4)
                0x00001d70                __preinit_array_start = .
 *(.preinit_array)
                0x00001d70                __preinit_array_end = .
                0x00001d70                . = ALIGN (0x4)
                0x00001d70                __init_array_start = .
 *(SORT(.init_array.*))
 *(.init_array)
 .init_array    0x00001d70        0x4 c:/program files (x86)/cypress/psoc creator/4.3/psoc creator/import/gnu/arm/5.4.1/bin/../lib/gcc/arm-none-eabi/5.4.1/armv7-m/crtbegin.o
 .init_array    0x00001d74        0x4 .\CortexM3\ARM_GCC_541\Debug\Cm3Start.o
                0x00001d78                __init_array_end = .
                0x00001d78                . = ALIGN (0x4)
 *(.fini)
 .fini          0x00001d78        0x4 c:/program files (x86)/cypress/psoc creator/4.3/psoc creator/import/gnu/arm/5.4.1/bin/../lib/gcc/arm-none-eabi/5.4.1/armv7-m/crti.o
                0x00001d78                _fini
 .fini          0x00001d7c        0x8 c:/program files (x86)/cypress/psoc creator/4.3/psoc creator/import/gnu/arm/5.4.1/bin/../lib/gcc/arm-none-eabi/5.4.1/armv7-m/crtn.o
                0x00001d84                . = ALIGN (0x4)
                0x00001d84                __fini_array_start = .
 *(.fini_array)
 .fini_array    0x00001d84        0x4 c:/program files (x86)/cypress/psoc creator/4.3/psoc creator/import/gnu/arm/5.4.1/bin/../lib/gcc/arm-none-eabi/5.4.1/armv7-m/crtbegin.o
 *(SORT(.fini_array.*))
                0x00001d88                __fini_array_end = .
                0x00001d88                . = ALIGN (0x4)
 *crtbegin.o(.ctors)
 *(EXCLUDE_FILE(*crtend.o) .ctors)
 *(SORT(.ctors.*))
 *crtend.o(.ctors)
                0x00001d88                . = ALIGN (0x4)
 *crtbegin.o(.dtors)
 *(EXCLUDE_FILE(*crtend.o) .dtors)
 *(SORT(.dtors.*))
 *crtend.o(.dtors)
                0x00001d88                . = ALIGN (0x4)
                0x00001d88                __cy_regions = .
                0x00001d88        0x4 LONG 0x1d98 __cy_region_init_ram
                0x00001d8c        0x4 LONG 0x1fff80c8 __cy_region_start_data
                0x00001d90        0x4 LONG 0x80 __cy_region_init_size_ram
                0x00001d94        0x4 LONG 0x148 __cy_region_zero_size_ram
                0x00001d98                __cy_regions_end = .
                0x00001d98                . = ALIGN (0x8)
                0x00001d98                _etext = .

.cy_checksum_exclude
                0x00001d98        0x0
 *(.cy_checksum_exclude)

.ramvectors     0x1fff8000       0xc0
                0x1fff8000                __cy_region_start_ram = .
 *(.ramvectors)
 .ramvectors    0x1fff8000       0xc0 .\CortexM3\ARM_GCC_541\Debug\Cm3Start.o
                0x1fff8000                CyRamVectors

.noinit         0x1fff80c0        0x1
 *(.noinit)
 .noinit        0x1fff80c0        0x1 .\CortexM3\ARM_GCC_541\Debug\colorSensor.a(CyLib.o)
                0x1fff80c0                CyResetStatus

.data           0x1fff80c8       0x80 load address 0x00001d98
                0x1fff80c8                __cy_region_start_data = .
 *(.jcr)
 .jcr           0x1fff80c8        0x0 c:/program files (x86)/cypress/psoc creator/4.3/psoc creator/import/gnu/arm/5.4.1/bin/../lib/gcc/arm-none-eabi/5.4.1/armv7-m/crtbegin.o
 .jcr           0x1fff80c8        0x4 c:/program files (x86)/cypress/psoc creator/4.3/psoc creator/import/gnu/arm/5.4.1/bin/../lib/gcc/arm-none-eabi/5.4.1/armv7-m/crtend.o
 *(.got.plt)
 *(.got)
 *(.shdata)
 *(.data .data.* .gnu.linkonce.d.*)
 .data          0x1fff80cc        0x4 .\CortexM3\ARM_GCC_541\Debug\Cm3Start.o
 .data          0x1fff80d0       0x10 .\CortexM3\ARM_GCC_541\Debug\colorSensor.a(CyLib.o)
                0x1fff80d0                cydelay_32k_ms
                0x1fff80d4                cydelay_freq_khz
                0x1fff80d8                cydelay_freq_mhz
                0x1fff80dc                cydelay_freq_hz
 .data.impure_data
                0x1fff80e0       0x60 c:/program files (x86)/cypress/psoc creator/4.3/psoc creator/import/gnu/arm/5.4.1/bin/../lib/gcc/arm-none-eabi/5.4.1/../../../../arm-none-eabi/lib/armv7-m\libg_nano.a(lib_a-impure.o)
 .data._impure_ptr
                0x1fff8140        0x4 c:/program files (x86)/cypress/psoc creator/4.3/psoc creator/import/gnu/arm/5.4.1/bin/../lib/gcc/arm-none-eabi/5.4.1/../../../../arm-none-eabi/lib/armv7-m\libg_nano.a(lib_a-impure.o)
                0x1fff8140                _impure_ptr
                0x1fff8148                . = ALIGN (0x8)
 *fill*         0x1fff8144        0x4 
 *(.ram)
                0x1fff8148                _edata = .

.igot.plt       0x1fff8148        0x0 load address 0x00001e18
 .igot.plt      0x1fff8148        0x0 c:/program files (x86)/cypress/psoc creator/4.3/psoc creator/import/gnu/arm/5.4.1/bin/../lib/gcc/arm-none-eabi/5.4.1/armv7-m/crtbegin.o

.bss            0x1fff8148      0x148 load address 0x00001e18
                0x1fff8148                PROVIDE (__bss_start__, .)
 *(.shbss)
 *(.bss .bss.* .gnu.linkonce.b.*)
 .bss           0x1fff8148       0x1c c:/program files (x86)/cypress/psoc creator/4.3/psoc creator/import/gnu/arm/5.4.1/bin/../lib/gcc/arm-none-eabi/5.4.1/armv7-m/crtbegin.o
 .bss           0x1fff8164       0x80 .\CortexM3\ARM_GCC_541\Debug\main.o
 .bss           0x1fff81e4       0x10 .\CortexM3\ARM_GCC_541\Debug\colorSensor.o
                0x1fff81e4                freq
                0x1fff81e8                Counter_cycle
                0x1fff81ec                dataReady
                0x1fff81f0                freqB_0
 .bss           0x1fff81f4        0x1 .\CortexM3\ARM_GCC_541\Debug\colorSensor.a(Counter.o)
                0x1fff81f4                Counter_initVar
 .bss           0x1fff81f5        0x1 .\CortexM3\ARM_GCC_541\Debug\colorSensor.a(Timer.o)
                0x1fff81f5                Timer_initVar
 .bss           0x1fff81f6        0x2 .\CortexM3\ARM_GCC_541\Debug\colorSensor.a(UART_1.o)
                0x1fff81f6                UART_1_initVar
 .bss.__malloc_sbrk_start
                0x1fff81f8        0x4 c:/program files (x86)/cypress/psoc creator/4.3/psoc creator/import/gnu/arm/5.4.1/bin/../lib/gcc/arm-none-eabi/5.4.1/../../../../arm-none-eabi/lib/armv7-m\libg_nano.a(lib_a-nano-mallocr.o)
                0x1fff81f8                __malloc_sbrk_start
 .bss.__malloc_free_list
                0x1fff81fc        0x4 c:/program files (x86)/cypress/psoc creator/4.3/psoc creator/import/gnu/arm/5.4.1/bin/../lib/gcc/arm-none-eabi/5.4.1/../../../../arm-none-eabi/lib/armv7-m\libg_nano.a(lib_a-nano-mallocr.o)
                0x1fff81fc                __malloc_free_list
 *(COMMON)
 COMMON         0x1fff8200       0x89 .\CortexM3\ARM_GCC_541\Debug\colorSensor.o
                0x1fff8200                freqG_0
                0x1fff8204                freqR_0
                0x1fff8208                str
 *fill*         0x1fff8289        0x3 
 COMMON         0x1fff828c        0x4 c:/program files (x86)/cypress/psoc creator/4.3/psoc creator/import/gnu/arm/5.4.1/bin/../lib/gcc/arm-none-eabi/5.4.1/../../../../arm-none-eabi/lib/armv7-m\libg_nano.a(lib_a-reent.o)
                0x1fff828c                errno
                0x1fff8290                . = ALIGN (0x8)
 *(.ram.b)
                0x1fff8290                _end = .
                0x1fff8290                __end = .
                0x1fff8290                PROVIDE (end, .)
                0x1fff8290                PROVIDE (__bss_end__, .)
                0x00001d98                __cy_region_init_ram = LOADADDR (.data)
                0x00000080                __cy_region_init_size_ram = (_edata - ADDR (.data))
                0x00000148                __cy_region_zero_size_ram = (_end - _edata)

.heap           0x1fff8290       0x80 load address 0x00001e18
                0x1fff8290                . = _end
                0x1fff8310                . = (. + 0x80)
 *fill*         0x1fff8290       0x80 
                0x1fff8310                __cy_heap_limit = .

.stack          0x20007800      0x800
                0x20007800                __cy_stack_limit = .
                0x20008000                . = (. + 0x800)
 *fill*         0x20007800      0x800 
                0x00000001                ASSERT ((__cy_stack_limit >= __cy_heap_limit), region RAM overflowed with stack)
                0x00000000                cy_checksum_exclude_size = (CY_APPL_LOADABLE == 0x1)?SIZEOF (.cy_checksum_exclude):0x0
                0x00000001                ASSERT ((cy_checksum_exclude_size <= CY_CHECKSUM_EXCLUDE_SIZE), CY_BOOT: Section .cy_checksum_exclude size exceedes specified limit.)

.cyloadermeta
 *(.cyloadermeta)

.cyloadablemeta
 *(.cyloadablemeta)

.cyconfigecc    0x80000000      0x540
 *(.cyconfigecc)
 .cyconfigecc   0x80000000      0x540 .\CortexM3\ARM_GCC_541\Debug\cymetadata.o
                0x80000000                cy_meta_configecc

.cycustnvl      0x90000000        0x4
 *(.cycustnvl)
 .cycustnvl     0x90000000        0x4 .\CortexM3\ARM_GCC_541\Debug\cymetadata.o
                0x90000000                cy_meta_custnvl

.cywolatch      0x90100000        0x4
 *(.cywolatch)
 .cywolatch     0x90100000        0x4 .\CortexM3\ARM_GCC_541\Debug\cymetadata.o
                0x90100000                cy_meta_wonvl

.cyeeprom       0x90200000        0x0
 *(.cyeeprom)
                0x00000001                ASSERT ((. <= ((0x90200000 + ee_offset) + ee_size)), .cyeeprom data will not fit in EEPROM)

.cyflashprotect
                0x90400000      0x100
 *(.cyflashprotect)
 .cyflashprotect
                0x90400000      0x100 .\CortexM3\ARM_GCC_541\Debug\cymetadata.o
                0x90400000                cy_meta_flashprotect

.cymeta         0x90500000        0xc
 *(.cymeta)
 .cymeta        0x90500000        0xc .\CortexM3\ARM_GCC_541\Debug\cymetadata.o
                0x90500000                cy_metadata

.rel.dyn        0x00001e18        0x0 load address 0x9050000c
 .rel.iplt      0x00001e18        0x0 c:/program files (x86)/cypress/psoc creator/4.3/psoc creator/import/gnu/arm/5.4.1/bin/../lib/gcc/arm-none-eabi/5.4.1/armv7-m/crtbegin.o

.stab
 *(.stab)

.stabstr
 *(.stabstr)

.debug
 *(.debug)

.line
 *(.line)

.debug_srcinfo
 *(.debug_srcinfo)

.debug_sfnames
 *(.debug_sfnames)

.debug_aranges  0x00000000      0xa58
 *(.debug_aranges)
 .debug_aranges
                0x00000000       0x20 .\CortexM3\ARM_GCC_541\Debug\main.o
 .debug_aranges
                0x00000020       0x58 .\CortexM3\ARM_GCC_541\Debug\colorSensor.o
 .debug_aranges
                0x00000078       0x58 .\CortexM3\ARM_GCC_541\Debug\cyfitter_cfg.o
 .debug_aranges
                0x000000d0       0x18 .\CortexM3\ARM_GCC_541\Debug\cymetadata.o
 .debug_aranges
                0x000000e8       0x48 .\CortexM3\ARM_GCC_541\Debug\Cm3Start.o
 .debug_aranges
                0x00000130       0x28 .\CortexM3\ARM_GCC_541\Debug\colorSensor.a(Control_Reg.o)
 .debug_aranges
                0x00000158       0x80 .\CortexM3\ARM_GCC_541\Debug\colorSensor.a(Counter_INT.o)
 .debug_aranges
                0x000001d8       0x98 .\CortexM3\ARM_GCC_541\Debug\colorSensor.a(Counter.o)
 .debug_aranges
                0x00000270       0x90 .\CortexM3\ARM_GCC_541\Debug\colorSensor.a(Timer.o)
 .debug_aranges
                0x00000300       0x80 .\CortexM3\ARM_GCC_541\Debug\colorSensor.a(Timer_INT.o)
 .debug_aranges
                0x00000380       0xf0 .\CortexM3\ARM_GCC_541\Debug\colorSensor.a(UART_1.o)
 .debug_aranges
                0x00000470       0x38 .\CortexM3\ARM_GCC_541\Debug\colorSensor.a(S0.o)
 .debug_aranges
                0x000004a8       0x38 .\CortexM3\ARM_GCC_541\Debug\colorSensor.a(S1.o)
 .debug_aranges
                0x000004e0       0x38 .\CortexM3\ARM_GCC_541\Debug\colorSensor.a(S2.o)
 .debug_aranges
                0x00000518       0x38 .\CortexM3\ARM_GCC_541\Debug\colorSensor.a(S3.o)
 .debug_aranges
                0x00000550       0x70 .\CortexM3\ARM_GCC_541\Debug\colorSensor.a(UART_1_IntClock.o)
 .debug_aranges
                0x000005c0      0x2a0 .\CortexM3\ARM_GCC_541\Debug\colorSensor.a(CyLib.o)
 .debug_aranges
                0x00000860       0x98 .\CortexM3\ARM_GCC_541\Debug\colorSensor.a(cyPm.o)
 .debug_aranges
                0x000008f8       0x38 .\CortexM3\ARM_GCC_541\Debug\colorSensor.a(OE.o)
 .debug_aranges
                0x00000930       0x20 .\CortexM3\ARM_GCC_541\Debug\colorSensor.a(CyBootAsmGnu.o)
 .debug_aranges
                0x00000950       0x88 .\CortexM3\ARM_GCC_541\Debug\colorSensor.a(CyFlash.o)
 .debug_aranges
                0x000009d8       0x80 .\CortexM3\ARM_GCC_541\Debug\colorSensor.a(CySpc.o)

.debug_pubnames
 *(.debug_pubnames)

.debug_info     0x00000000     0x56ff
 *(.debug_info .gnu.linkonce.wi.*)
 .debug_info    0x00000000      0x1ad .\CortexM3\ARM_GCC_541\Debug\main.o
 .debug_info    0x000001ad      0x5f0 .\CortexM3\ARM_GCC_541\Debug\colorSensor.o
 .debug_info    0x0000079d      0x5a8 .\CortexM3\ARM_GCC_541\Debug\cyfitter_cfg.o
 .debug_info    0x00000d45      0x136 .\CortexM3\ARM_GCC_541\Debug\cymetadata.o
 .debug_info    0x00000e7b      0x3bb .\CortexM3\ARM_GCC_541\Debug\Cm3Start.o
 .debug_info    0x00001236       0xd6 .\CortexM3\ARM_GCC_541\Debug\colorSensor.a(Control_Reg.o)
 .debug_info    0x0000130c      0x2d2 .\CortexM3\ARM_GCC_541\Debug\colorSensor.a(Counter_INT.o)
 .debug_info    0x000015de      0x345 .\CortexM3\ARM_GCC_541\Debug\colorSensor.a(Counter.o)
 .debug_info    0x00001923      0x2f0 .\CortexM3\ARM_GCC_541\Debug\colorSensor.a(Timer.o)
 .debug_info    0x00001c13      0x2d2 .\CortexM3\ARM_GCC_541\Debug\colorSensor.a(Timer_INT.o)
 .debug_info    0x00001ee5      0x60c .\CortexM3\ARM_GCC_541\Debug\colorSensor.a(UART_1.o)
 .debug_info    0x000024f1      0x11f .\CortexM3\ARM_GCC_541\Debug\colorSensor.a(S0.o)
 .debug_info    0x00002610      0x11f .\CortexM3\ARM_GCC_541\Debug\colorSensor.a(S1.o)
 .debug_info    0x0000272f      0x11f .\CortexM3\ARM_GCC_541\Debug\colorSensor.a(S2.o)
 .debug_info    0x0000284e      0x11f .\CortexM3\ARM_GCC_541\Debug\colorSensor.a(S3.o)
 .debug_info    0x0000296d      0x283 .\CortexM3\ARM_GCC_541\Debug\colorSensor.a(UART_1_IntClock.o)
 .debug_info    0x00002bf0     0x1374 .\CortexM3\ARM_GCC_541\Debug\colorSensor.a(CyLib.o)
 .debug_info    0x00003f64      0xa2a .\CortexM3\ARM_GCC_541\Debug\colorSensor.a(cyPm.o)
 .debug_info    0x0000498e      0x11f .\CortexM3\ARM_GCC_541\Debug\colorSensor.a(OE.o)
 .debug_info    0x00004aad       0xb5 .\CortexM3\ARM_GCC_541\Debug\colorSensor.a(CyBootAsmGnu.o)
 .debug_info    0x00004b62      0x64d .\CortexM3\ARM_GCC_541\Debug\colorSensor.a(CyFlash.o)
 .debug_info    0x000051af      0x550 .\CortexM3\ARM_GCC_541\Debug\colorSensor.a(CySpc.o)

.debug_abbrev   0x00000000     0x193c
 *(.debug_abbrev)
 .debug_abbrev  0x00000000       0xe9 .\CortexM3\ARM_GCC_541\Debug\main.o
 .debug_abbrev  0x000000e9      0x172 .\CortexM3\ARM_GCC_541\Debug\colorSensor.o
 .debug_abbrev  0x0000025b      0x20d .\CortexM3\ARM_GCC_541\Debug\cyfitter_cfg.o
 .debug_abbrev  0x00000468       0x77 .\CortexM3\ARM_GCC_541\Debug\cymetadata.o
 .debug_abbrev  0x000004df      0x1e8 .\CortexM3\ARM_GCC_541\Debug\Cm3Start.o
 .debug_abbrev  0x000006c7       0x81 .\CortexM3\ARM_GCC_541\Debug\colorSensor.a(Control_Reg.o)
 .debug_abbrev  0x00000748      0x173 .\CortexM3\ARM_GCC_541\Debug\colorSensor.a(Counter_INT.o)
 .debug_abbrev  0x000008bb      0x117 .\CortexM3\ARM_GCC_541\Debug\colorSensor.a(Counter.o)
 .debug_abbrev  0x000009d2      0x12b .\CortexM3\ARM_GCC_541\Debug\colorSensor.a(Timer.o)
 .debug_abbrev  0x00000afd      0x173 .\CortexM3\ARM_GCC_541\Debug\colorSensor.a(Timer_INT.o)
 .debug_abbrev  0x00000c70      0x175 .\CortexM3\ARM_GCC_541\Debug\colorSensor.a(UART_1.o)
 .debug_abbrev  0x00000de5       0x90 .\CortexM3\ARM_GCC_541\Debug\colorSensor.a(S0.o)
 .debug_abbrev  0x00000e75       0x90 .\CortexM3\ARM_GCC_541\Debug\colorSensor.a(S1.o)
 .debug_abbrev  0x00000f05       0x90 .\CortexM3\ARM_GCC_541\Debug\colorSensor.a(S2.o)
 .debug_abbrev  0x00000f95       0x90 .\CortexM3\ARM_GCC_541\Debug\colorSensor.a(S3.o)
 .debug_abbrev  0x00001025      0x139 .\CortexM3\ARM_GCC_541\Debug\colorSensor.a(UART_1_IntClock.o)
 .debug_abbrev  0x0000115e      0x254 .\CortexM3\ARM_GCC_541\Debug\colorSensor.a(CyLib.o)
 .debug_abbrev  0x000013b2      0x1ab .\CortexM3\ARM_GCC_541\Debug\colorSensor.a(cyPm.o)
 .debug_abbrev  0x0000155d       0x90 .\CortexM3\ARM_GCC_541\Debug\colorSensor.a(OE.o)
 .debug_abbrev  0x000015ed       0x14 .\CortexM3\ARM_GCC_541\Debug\colorSensor.a(CyBootAsmGnu.o)
 .debug_abbrev  0x00001601      0x1a7 .\CortexM3\ARM_GCC_541\Debug\colorSensor.a(CyFlash.o)
 .debug_abbrev  0x000017a8      0x194 .\CortexM3\ARM_GCC_541\Debug\colorSensor.a(CySpc.o)

.debug_line     0x00000000     0x276c
 *(.debug_line)
 .debug_line    0x00000000      0x1fa .\CortexM3\ARM_GCC_541\Debug\main.o
 .debug_line    0x000001fa      0x2c8 .\CortexM3\ARM_GCC_541\Debug\colorSensor.o
 .debug_line    0x000004c2      0x1f7 .\CortexM3\ARM_GCC_541\Debug\cyfitter_cfg.o
 .debug_line    0x000006b9      0x141 .\CortexM3\ARM_GCC_541\Debug\cymetadata.o
 .debug_line    0x000007fa      0x234 .\CortexM3\ARM_GCC_541\Debug\Cm3Start.o
 .debug_line    0x00000a2e       0x73 .\CortexM3\ARM_GCC_541\Debug\colorSensor.a(Control_Reg.o)
 .debug_line    0x00000aa1      0x138 .\CortexM3\ARM_GCC_541\Debug\colorSensor.a(Counter_INT.o)
 .debug_line    0x00000bd9      0x187 .\CortexM3\ARM_GCC_541\Debug\colorSensor.a(Counter.o)
 .debug_line    0x00000d60      0x170 .\CortexM3\ARM_GCC_541\Debug\colorSensor.a(Timer.o)
 .debug_line    0x00000ed0      0x136 .\CortexM3\ARM_GCC_541\Debug\colorSensor.a(Timer_INT.o)
 .debug_line    0x00001006      0x2c0 .\CortexM3\ARM_GCC_541\Debug\colorSensor.a(UART_1.o)
 .debug_line    0x000012c6       0x8f .\CortexM3\ARM_GCC_541\Debug\colorSensor.a(S0.o)
 .debug_line    0x00001355       0x8f .\CortexM3\ARM_GCC_541\Debug\colorSensor.a(S1.o)
 .debug_line    0x000013e4       0x8f .\CortexM3\ARM_GCC_541\Debug\colorSensor.a(S2.o)
 .debug_line    0x00001473       0x8f .\CortexM3\ARM_GCC_541\Debug\colorSensor.a(S3.o)
 .debug_line    0x00001502      0x17e .\CortexM3\ARM_GCC_541\Debug\colorSensor.a(UART_1_IntClock.o)
 .debug_line    0x00001680      0x816 .\CortexM3\ARM_GCC_541\Debug\colorSensor.a(CyLib.o)
 .debug_line    0x00001e96      0x367 .\CortexM3\ARM_GCC_541\Debug\colorSensor.a(cyPm.o)
 .debug_line    0x000021fd       0x8f .\CortexM3\ARM_GCC_541\Debug\colorSensor.a(OE.o)
 .debug_line    0x0000228c       0x66 .\CortexM3\ARM_GCC_541\Debug\colorSensor.a(CyBootAsmGnu.o)
 .debug_line    0x000022f2      0x21a .\CortexM3\ARM_GCC_541\Debug\colorSensor.a(CyFlash.o)
 .debug_line    0x0000250c      0x260 .\CortexM3\ARM_GCC_541\Debug\colorSensor.a(CySpc.o)

.debug_frame    0x00000000     0x1c54
 *(.debug_frame)
 .debug_frame   0x00000000       0x30 .\CortexM3\ARM_GCC_541\Debug\main.o
 .debug_frame   0x00000030      0x10c .\CortexM3\ARM_GCC_541\Debug\colorSensor.o
 .debug_frame   0x0000013c       0xe4 .\CortexM3\ARM_GCC_541\Debug\cyfitter_cfg.o
 .debug_frame   0x00000220       0xb8 .\CortexM3\ARM_GCC_541\Debug\Cm3Start.o
 .debug_frame   0x000002d8       0x30 .\CortexM3\ARM_GCC_541\Debug\colorSensor.a(Control_Reg.o)
 .debug_frame   0x00000308      0x104 .\CortexM3\ARM_GCC_541\Debug\colorSensor.a(Counter_INT.o)
 .debug_frame   0x0000040c      0x134 .\CortexM3\ARM_GCC_541\Debug\colorSensor.a(Counter.o)
 .debug_frame   0x00000540      0x124 .\CortexM3\ARM_GCC_541\Debug\colorSensor.a(Timer.o)
 .debug_frame   0x00000664      0x104 .\CortexM3\ARM_GCC_541\Debug\colorSensor.a(Timer_INT.o)
 .debug_frame   0x00000768      0x250 .\CortexM3\ARM_GCC_541\Debug\colorSensor.a(UART_1.o)
 .debug_frame   0x000009b8       0x50 .\CortexM3\ARM_GCC_541\Debug\colorSensor.a(S0.o)
 .debug_frame   0x00000a08       0x50 .\CortexM3\ARM_GCC_541\Debug\colorSensor.a(S1.o)
 .debug_frame   0x00000a58       0x50 .\CortexM3\ARM_GCC_541\Debug\colorSensor.a(S2.o)
 .debug_frame   0x00000aa8       0x50 .\CortexM3\ARM_GCC_541\Debug\colorSensor.a(S3.o)
 .debug_frame   0x00000af8       0xe0 .\CortexM3\ARM_GCC_541\Debug\colorSensor.a(UART_1_IntClock.o)
 .debug_frame   0x00000bd8      0x738 .\CortexM3\ARM_GCC_541\Debug\colorSensor.a(CyLib.o)
 .debug_frame   0x00001310      0x1f8 .\CortexM3\ARM_GCC_541\Debug\colorSensor.a(cyPm.o)
 .debug_frame   0x00001508       0x50 .\CortexM3\ARM_GCC_541\Debug\colorSensor.a(OE.o)
 .debug_frame   0x00001558      0x194 .\CortexM3\ARM_GCC_541\Debug\colorSensor.a(CyFlash.o)
 .debug_frame   0x000016ec      0x180 .\CortexM3\ARM_GCC_541\Debug\colorSensor.a(CySpc.o)
 .debug_frame   0x0000186c       0x20 c:/program files (x86)/cypress/psoc creator/4.3/psoc creator/import/gnu/arm/5.4.1/bin/../lib/gcc/arm-none-eabi/5.4.1/../../../../arm-none-eabi/lib/armv7-m\libg_nano.a(lib_a-errno.o)
 .debug_frame   0x0000188c       0x28 c:/program files (x86)/cypress/psoc creator/4.3/psoc creator/import/gnu/arm/5.4.1/bin/../lib/gcc/arm-none-eabi/5.4.1/../../../../arm-none-eabi/lib/armv7-m\libg_nano.a(lib_a-exit.o)
 .debug_frame   0x000018b4       0x2c c:/program files (x86)/cypress/psoc creator/4.3/psoc creator/import/gnu/arm/5.4.1/bin/../lib/gcc/arm-none-eabi/5.4.1/../../../../arm-none-eabi/lib/armv7-m\libg_nano.a(lib_a-init.o)
 .debug_frame   0x000018e0       0x28 c:/program files (x86)/cypress/psoc creator/4.3/psoc creator/import/gnu/arm/5.4.1/bin/../lib/gcc/arm-none-eabi/5.4.1/../../../../arm-none-eabi/lib/armv7-m\libg_nano.a(lib_a-memcpy-stub.o)
 .debug_frame   0x00001908       0x20 c:/program files (x86)/cypress/psoc creator/4.3/psoc creator/import/gnu/arm/5.4.1/bin/../lib/gcc/arm-none-eabi/5.4.1/../../../../arm-none-eabi/lib/armv7-m\libg_nano.a(lib_a-memset.o)
 .debug_frame   0x00001928       0x74 c:/program files (x86)/cypress/psoc creator/4.3/psoc creator/import/gnu/arm/5.4.1/bin/../lib/gcc/arm-none-eabi/5.4.1/../../../../arm-none-eabi/lib/armv7-m\libg_nano.a(lib_a-snprintf.o)
 .debug_frame   0x0000199c       0x90 c:/program files (x86)/cypress/psoc creator/4.3/psoc creator/import/gnu/arm/5.4.1/bin/../lib/gcc/arm-none-eabi/5.4.1/../../../../arm-none-eabi/lib/armv7-m\libg_nano.a(lib_a-nano-svfprintf.o)
 .debug_frame   0x00001a2c       0x60 c:/program files (x86)/cypress/psoc creator/4.3/psoc creator/import/gnu/arm/5.4.1/bin/../lib/gcc/arm-none-eabi/5.4.1/../../../../arm-none-eabi/lib/armv7-m\libg_nano.a(lib_a-nano-vfprintf_i.o)
 .debug_frame   0x00001a8c       0x28 c:/program files (x86)/cypress/psoc creator/4.3/psoc creator/import/gnu/arm/5.4.1/bin/../lib/gcc/arm-none-eabi/5.4.1/../../../../arm-none-eabi/lib/armv7-m\libg_nano.a(lib_a-memchr-stub.o)
 .debug_frame   0x00001ab4       0x28 c:/program files (x86)/cypress/psoc creator/4.3/psoc creator/import/gnu/arm/5.4.1/bin/../lib/gcc/arm-none-eabi/5.4.1/../../../../arm-none-eabi/lib/armv7-m\libg_nano.a(lib_a-memmove.o)
 .debug_frame   0x00001adc       0x38 c:/program files (x86)/cypress/psoc creator/4.3/psoc creator/import/gnu/arm/5.4.1/bin/../lib/gcc/arm-none-eabi/5.4.1/../../../../arm-none-eabi/lib/armv7-m\libg_nano.a(lib_a-nano-freer.o)
 .debug_frame   0x00001b14       0x2c c:/program files (x86)/cypress/psoc creator/4.3/psoc creator/import/gnu/arm/5.4.1/bin/../lib/gcc/arm-none-eabi/5.4.1/../../../../arm-none-eabi/lib/armv7-m\libg_nano.a(lib_a-nano-mallocr.o)
 .debug_frame   0x00001b40       0x3c c:/program files (x86)/cypress/psoc creator/4.3/psoc creator/import/gnu/arm/5.4.1/bin/../lib/gcc/arm-none-eabi/5.4.1/../../../../arm-none-eabi/lib/armv7-m\libg_nano.a(lib_a-nano-reallocr.o)
 .debug_frame   0x00001b7c       0x2c c:/program files (x86)/cypress/psoc creator/4.3/psoc creator/import/gnu/arm/5.4.1/bin/../lib/gcc/arm-none-eabi/5.4.1/../../../../arm-none-eabi/lib/armv7-m\libg_nano.a(lib_a-sbrkr.o)
 .debug_frame   0x00001ba8       0x30 c:/program files (x86)/cypress/psoc creator/4.3/psoc creator/import/gnu/arm/5.4.1/bin/../lib/gcc/arm-none-eabi/5.4.1/../../../../arm-none-eabi/lib/armv7-m\libg_nano.a(lib_a-mlock.o)
 .debug_frame   0x00001bd8       0x20 c:/program files (x86)/cypress/psoc creator/4.3/psoc creator/import/gnu/arm/5.4.1/bin/../lib/gcc/arm-none-eabi/5.4.1/../../../../arm-none-eabi/lib/armv7-m\libg_nano.a(lib_a-nano-msizer.o)
 .debug_frame   0x00001bf8       0x5c c:/program files (x86)/cypress/psoc creator/4.3/psoc creator/import/gnu/arm/5.4.1/bin/../lib/gcc/arm-none-eabi/5.4.1/../../../../arm-none-eabi/lib/armv7-m\libg_nano.a(lib_a-reent.o)

.debug_str      0x00000000     0x1fe3
 *(.debug_str)
 .debug_str     0x00000000      0x19b .\CortexM3\ARM_GCC_541\Debug\main.o
                                0x1e3 (size before relaxing)
 .debug_str     0x0000019b      0x19a .\CortexM3\ARM_GCC_541\Debug\colorSensor.o
                                0x37c (size before relaxing)
 .debug_str     0x00000335      0x223 .\CortexM3\ARM_GCC_541\Debug\cyfitter_cfg.o
                                0x369 (size before relaxing)
 .debug_str     0x00000558       0x7f .\CortexM3\ARM_GCC_541\Debug\cymetadata.o
                                0x209 (size before relaxing)
 .debug_str     0x000005d7      0x144 .\CortexM3\ARM_GCC_541\Debug\Cm3Start.o
                                0x32f (size before relaxing)
 .debug_str     0x0000071b       0x3e .\CortexM3\ARM_GCC_541\Debug\colorSensor.a(Control_Reg.o)
                                0x1e6 (size before relaxing)
 .debug_str     0x00000759      0x125 .\CortexM3\ARM_GCC_541\Debug\colorSensor.a(Counter_INT.o)
                                0x31f (size before relaxing)
 .debug_str     0x0000087e      0x1b4 .\CortexM3\ARM_GCC_541\Debug\colorSensor.a(Counter.o)
                                0x3a3 (size before relaxing)
 .debug_str     0x00000a32      0x14d .\CortexM3\ARM_GCC_541\Debug\colorSensor.a(Timer.o)
                                0x360 (size before relaxing)
 .debug_str     0x00000b7f       0xf5 .\CortexM3\ARM_GCC_541\Debug\colorSensor.a(Timer_INT.o)
                                0x303 (size before relaxing)
 .debug_str     0x00000c74      0x2bf .\CortexM3\ARM_GCC_541\Debug\colorSensor.a(UART_1.o)
                                0x4d8 (size before relaxing)
 .debug_str     0x00000f33       0x53 .\CortexM3\ARM_GCC_541\Debug\colorSensor.a(S0.o)
                                0x1f8 (size before relaxing)
 .debug_str     0x00000f86       0x43 .\CortexM3\ARM_GCC_541\Debug\colorSensor.a(S1.o)
                                0x1f8 (size before relaxing)
 .debug_str     0x00000fc9       0x43 .\CortexM3\ARM_GCC_541\Debug\colorSensor.a(S2.o)
                                0x1f8 (size before relaxing)
 .debug_str     0x0000100c       0x43 .\CortexM3\ARM_GCC_541\Debug\colorSensor.a(S3.o)
                                0x1f8 (size before relaxing)
 .debug_str     0x0000104f      0x19d .\CortexM3\ARM_GCC_541\Debug\colorSensor.a(UART_1_IntClock.o)
                                0x373 (size before relaxing)
 .debug_str     0x000011ec      0x7e8 .\CortexM3\ARM_GCC_541\Debug\colorSensor.a(CyLib.o)
                                0xa6c (size before relaxing)
 .debug_str     0x000019d4      0x365 .\CortexM3\ARM_GCC_541\Debug\colorSensor.a(cyPm.o)
                                0x758 (size before relaxing)
 .debug_str     0x00001d39       0x43 .\CortexM3\ARM_GCC_541\Debug\colorSensor.a(OE.o)
                                0x1f8 (size before relaxing)
 .debug_str     0x00001d7c      0x1bb .\CortexM3\ARM_GCC_541\Debug\colorSensor.a(CyFlash.o)
                                0x3e5 (size before relaxing)
 .debug_str     0x00001f37       0xac .\CortexM3\ARM_GCC_541\Debug\colorSensor.a(CySpc.o)
                                0x35d (size before relaxing)

.debug_loc      0x00000000     0x2171
 *(.debug_loc)
 .debug_loc     0x00000000       0x36 .\CortexM3\ARM_GCC_541\Debug\main.o
 .debug_loc     0x00000036      0x105 .\CortexM3\ARM_GCC_541\Debug\colorSensor.o
 .debug_loc     0x0000013b      0x288 .\CortexM3\ARM_GCC_541\Debug\cyfitter_cfg.o
 .debug_loc     0x000003c3      0x144 .\CortexM3\ARM_GCC_541\Debug\Cm3Start.o
 .debug_loc     0x00000507       0x56 .\CortexM3\ARM_GCC_541\Debug\colorSensor.a(Counter_INT.o)
 .debug_loc     0x0000055d       0x31 .\CortexM3\ARM_GCC_541\Debug\colorSensor.a(Counter.o)
 .debug_loc     0x0000058e       0x13 .\CortexM3\ARM_GCC_541\Debug\colorSensor.a(Timer.o)
 .debug_loc     0x000005a1       0x56 .\CortexM3\ARM_GCC_541\Debug\colorSensor.a(Timer_INT.o)
 .debug_loc     0x000005f7      0x258 .\CortexM3\ARM_GCC_541\Debug\colorSensor.a(UART_1.o)
 .debug_loc     0x0000084f       0x42 .\CortexM3\ARM_GCC_541\Debug\colorSensor.a(S0.o)
 .debug_loc     0x00000891       0x42 .\CortexM3\ARM_GCC_541\Debug\colorSensor.a(S1.o)
 .debug_loc     0x000008d3       0x42 .\CortexM3\ARM_GCC_541\Debug\colorSensor.a(S2.o)
 .debug_loc     0x00000915       0x42 .\CortexM3\ARM_GCC_541\Debug\colorSensor.a(S3.o)
 .debug_loc     0x00000957      0x12c .\CortexM3\ARM_GCC_541\Debug\colorSensor.a(UART_1_IntClock.o)
 .debug_loc     0x00000a83      0xa11 .\CortexM3\ARM_GCC_541\Debug\colorSensor.a(CyLib.o)
 .debug_loc     0x00001494      0x1e4 .\CortexM3\ARM_GCC_541\Debug\colorSensor.a(cyPm.o)
 .debug_loc     0x00001678       0x42 .\CortexM3\ARM_GCC_541\Debug\colorSensor.a(OE.o)
 .debug_loc     0x000016ba      0x3b2 .\CortexM3\ARM_GCC_541\Debug\colorSensor.a(CyFlash.o)
 .debug_loc     0x00001a6c      0x705 .\CortexM3\ARM_GCC_541\Debug\colorSensor.a(CySpc.o)

.debug_macinfo
 *(.debug_macinfo)

.debug_ranges   0x00000000      0x8e0
 *(.debug_ranges)
 .debug_ranges  0x00000000       0x10 .\CortexM3\ARM_GCC_541\Debug\main.o
 .debug_ranges  0x00000010       0x48 .\CortexM3\ARM_GCC_541\Debug\colorSensor.o
 .debug_ranges  0x00000058       0x48 .\CortexM3\ARM_GCC_541\Debug\cyfitter_cfg.o
 .debug_ranges  0x000000a0       0x38 .\CortexM3\ARM_GCC_541\Debug\Cm3Start.o
 .debug_ranges  0x000000d8       0x18 .\CortexM3\ARM_GCC_541\Debug\colorSensor.a(Control_Reg.o)
 .debug_ranges  0x000000f0       0x70 .\CortexM3\ARM_GCC_541\Debug\colorSensor.a(Counter_INT.o)
 .debug_ranges  0x00000160       0x88 .\CortexM3\ARM_GCC_541\Debug\colorSensor.a(Counter.o)
 .debug_ranges  0x000001e8       0x80 .\CortexM3\ARM_GCC_541\Debug\colorSensor.a(Timer.o)
 .debug_ranges  0x00000268       0x70 .\CortexM3\ARM_GCC_541\Debug\colorSensor.a(Timer_INT.o)
 .debug_ranges  0x000002d8       0xe0 .\CortexM3\ARM_GCC_541\Debug\colorSensor.a(UART_1.o)
 .debug_ranges  0x000003b8       0x28 .\CortexM3\ARM_GCC_541\Debug\colorSensor.a(S0.o)
 .debug_ranges  0x000003e0       0x28 .\CortexM3\ARM_GCC_541\Debug\colorSensor.a(S1.o)
 .debug_ranges  0x00000408       0x28 .\CortexM3\ARM_GCC_541\Debug\colorSensor.a(S2.o)
 .debug_ranges  0x00000430       0x28 .\CortexM3\ARM_GCC_541\Debug\colorSensor.a(S3.o)
 .debug_ranges  0x00000458       0x60 .\CortexM3\ARM_GCC_541\Debug\colorSensor.a(UART_1_IntClock.o)
 .debug_ranges  0x000004b8      0x290 .\CortexM3\ARM_GCC_541\Debug\colorSensor.a(CyLib.o)
 .debug_ranges  0x00000748       0x88 .\CortexM3\ARM_GCC_541\Debug\colorSensor.a(cyPm.o)
 .debug_ranges  0x000007d0       0x28 .\CortexM3\ARM_GCC_541\Debug\colorSensor.a(OE.o)
 .debug_ranges  0x000007f8       0x78 .\CortexM3\ARM_GCC_541\Debug\colorSensor.a(CyFlash.o)
 .debug_ranges  0x00000870       0x70 .\CortexM3\ARM_GCC_541\Debug\colorSensor.a(CySpc.o)

.comment        0x00000000       0x6e
 .comment       0x00000000       0x6e .\CortexM3\ARM_GCC_541\Debug\main.o
                                 0x6f (size before relaxing)
 .comment       0x0000006e       0x6f .\CortexM3\ARM_GCC_541\Debug\colorSensor.o
 .comment       0x0000006e       0x6f .\CortexM3\ARM_GCC_541\Debug\cyfitter_cfg.o
 .comment       0x0000006e       0x6f .\CortexM3\ARM_GCC_541\Debug\cymetadata.o
 .comment       0x0000006e       0x6f .\CortexM3\ARM_GCC_541\Debug\Cm3Start.o
 .comment       0x0000006e       0x6f .\CortexM3\ARM_GCC_541\Debug\colorSensor.a(Control_Reg.o)
 .comment       0x0000006e       0x6f .\CortexM3\ARM_GCC_541\Debug\colorSensor.a(Counter_INT.o)
 .comment       0x0000006e       0x6f .\CortexM3\ARM_GCC_541\Debug\colorSensor.a(Counter.o)
 .comment       0x0000006e       0x6f .\CortexM3\ARM_GCC_541\Debug\colorSensor.a(Timer.o)
 .comment       0x0000006e       0x6f .\CortexM3\ARM_GCC_541\Debug\colorSensor.a(Timer_INT.o)
 .comment       0x0000006e       0x6f .\CortexM3\ARM_GCC_541\Debug\colorSensor.a(UART_1.o)
 .comment       0x0000006e       0x6f .\CortexM3\ARM_GCC_541\Debug\colorSensor.a(S0.o)
 .comment       0x0000006e       0x6f .\CortexM3\ARM_GCC_541\Debug\colorSensor.a(S1.o)
 .comment       0x0000006e       0x6f .\CortexM3\ARM_GCC_541\Debug\colorSensor.a(S2.o)
 .comment       0x0000006e       0x6f .\CortexM3\ARM_GCC_541\Debug\colorSensor.a(S3.o)
 .comment       0x0000006e       0x6f .\CortexM3\ARM_GCC_541\Debug\colorSensor.a(UART_1_IntClock.o)
 .comment       0x0000006e       0x6f .\CortexM3\ARM_GCC_541\Debug\colorSensor.a(CyLib.o)
 .comment       0x0000006e       0x6f .\CortexM3\ARM_GCC_541\Debug\colorSensor.a(cyPm.o)
 .comment       0x0000006e       0x6f .\CortexM3\ARM_GCC_541\Debug\colorSensor.a(OE.o)
 .comment       0x0000006e       0x6f .\CortexM3\ARM_GCC_541\Debug\colorSensor.a(CyFlash.o)
 .comment       0x0000006e       0x6f .\CortexM3\ARM_GCC_541\Debug\colorSensor.a(CySpc.o)

.debug_weaknames
 *(.debug_weaknames)

.debug_funcnames
 *(.debug_funcnames)

.debug_typenames
 *(.debug_typenames)

.debug_varnames
 *(.debug_varnames)

.note.gnu.arm.ident
 *(.note.gnu.arm.ident)

.ARM.attributes
                0x00000000       0x29
 *(.ARM.attributes)
 .ARM.attributes
                0x00000000       0x1d c:/program files (x86)/cypress/psoc creator/4.3/psoc creator/import/gnu/arm/5.4.1/bin/../lib/gcc/arm-none-eabi/5.4.1/armv7-m/crti.o
 .ARM.attributes
                0x0000001d       0x2d c:/program files (x86)/cypress/psoc creator/4.3/psoc creator/import/gnu/arm/5.4.1/bin/../lib/gcc/arm-none-eabi/5.4.1/armv7-m/crtbegin.o
 .ARM.attributes
                0x0000004a       0x1b c:/program files (x86)/cypress/psoc creator/4.3/psoc creator/import/gnu/arm/5.4.1/bin/../lib/gcc/arm-none-eabi/5.4.1/../../../../arm-none-eabi/lib/armv7-m/crt0.o
 .ARM.attributes
                0x00000065       0x33 .\CortexM3\ARM_GCC_541\Debug\main.o
 .ARM.attributes
                0x00000098       0x33 .\CortexM3\ARM_GCC_541\Debug\colorSensor.o
 .ARM.attributes
                0x000000cb       0x33 .\CortexM3\ARM_GCC_541\Debug\cyfitter_cfg.o
 .ARM.attributes
                0x000000fe       0x33 .\CortexM3\ARM_GCC_541\Debug\cymetadata.o
 .ARM.attributes
                0x00000131       0x33 .\CortexM3\ARM_GCC_541\Debug\Cm3Start.o
 .ARM.attributes
                0x00000164       0x33 .\CortexM3\ARM_GCC_541\Debug\colorSensor.a(Control_Reg.o)
 .ARM.attributes
                0x00000197       0x33 .\CortexM3\ARM_GCC_541\Debug\colorSensor.a(Counter_INT.o)
 .ARM.attributes
                0x000001ca       0x33 .\CortexM3\ARM_GCC_541\Debug\colorSensor.a(Counter.o)
 .ARM.attributes
                0x000001fd       0x33 .\CortexM3\ARM_GCC_541\Debug\colorSensor.a(Timer.o)
 .ARM.attributes
                0x00000230       0x33 .\CortexM3\ARM_GCC_541\Debug\colorSensor.a(Timer_INT.o)
 .ARM.attributes
                0x00000263       0x33 .\CortexM3\ARM_GCC_541\Debug\colorSensor.a(UART_1.o)
 .ARM.attributes
                0x00000296       0x33 .\CortexM3\ARM_GCC_541\Debug\colorSensor.a(S0.o)
 .ARM.attributes
                0x000002c9       0x33 .\CortexM3\ARM_GCC_541\Debug\colorSensor.a(S1.o)
 .ARM.attributes
                0x000002fc       0x33 .\CortexM3\ARM_GCC_541\Debug\colorSensor.a(S2.o)
 .ARM.attributes
                0x0000032f       0x33 .\CortexM3\ARM_GCC_541\Debug\colorSensor.a(S3.o)
 .ARM.attributes
                0x00000362       0x33 .\CortexM3\ARM_GCC_541\Debug\colorSensor.a(UART_1_IntClock.o)
 .ARM.attributes
                0x00000395       0x33 .\CortexM3\ARM_GCC_541\Debug\colorSensor.a(CyLib.o)
 .ARM.attributes
                0x000003c8       0x33 .\CortexM3\ARM_GCC_541\Debug\colorSensor.a(cyPm.o)
 .ARM.attributes
                0x000003fb       0x33 .\CortexM3\ARM_GCC_541\Debug\colorSensor.a(OE.o)
 .ARM.attributes
                0x0000042e       0x21 .\CortexM3\ARM_GCC_541\Debug\colorSensor.a(CyBootAsmGnu.o)
 .ARM.attributes
                0x0000044f       0x33 .\CortexM3\ARM_GCC_541\Debug\colorSensor.a(CyFlash.o)
 .ARM.attributes
                0x00000482       0x33 .\CortexM3\ARM_GCC_541\Debug\colorSensor.a(CySpc.o)
 .ARM.attributes
                0x000004b5       0x1d c:/program files (x86)/cypress/psoc creator/4.3/psoc creator/import/gnu/arm/5.4.1/bin/../lib/gcc/arm-none-eabi/5.4.1/armv7-m\libgcc.a(_arm_addsubdf3.o)
 .ARM.attributes
                0x000004d2       0x1d c:/program files (x86)/cypress/psoc creator/4.3/psoc creator/import/gnu/arm/5.4.1/bin/../lib/gcc/arm-none-eabi/5.4.1/armv7-m\libgcc.a(_arm_muldivdf3.o)
 .ARM.attributes
                0x000004ef       0x1d c:/program files (x86)/cypress/psoc creator/4.3/psoc creator/import/gnu/arm/5.4.1/bin/../lib/gcc/arm-none-eabi/5.4.1/armv7-m\libgcc.a(_arm_cmpdf2.o)
 .ARM.attributes
                0x0000050c       0x2d c:/program files (x86)/cypress/psoc creator/4.3/psoc creator/import/gnu/arm/5.4.1/bin/../lib/gcc/arm-none-eabi/5.4.1/../../../../arm-none-eabi/lib/armv7-m\libg_nano.a(lib_a-errno.o)
 .ARM.attributes
                0x00000539       0x2d c:/program files (x86)/cypress/psoc creator/4.3/psoc creator/import/gnu/arm/5.4.1/bin/../lib/gcc/arm-none-eabi/5.4.1/../../../../arm-none-eabi/lib/armv7-m\libg_nano.a(lib_a-exit.o)
 .ARM.attributes
                0x00000566       0x2d c:/program files (x86)/cypress/psoc creator/4.3/psoc creator/import/gnu/arm/5.4.1/bin/../lib/gcc/arm-none-eabi/5.4.1/../../../../arm-none-eabi/lib/armv7-m\libg_nano.a(lib_a-impure.o)
 .ARM.attributes
                0x00000593       0x2d c:/program files (x86)/cypress/psoc creator/4.3/psoc creator/import/gnu/arm/5.4.1/bin/../lib/gcc/arm-none-eabi/5.4.1/../../../../arm-none-eabi/lib/armv7-m\libg_nano.a(lib_a-init.o)
 .ARM.attributes
                0x000005c0       0x2d c:/program files (x86)/cypress/psoc creator/4.3/psoc creator/import/gnu/arm/5.4.1/bin/../lib/gcc/arm-none-eabi/5.4.1/../../../../arm-none-eabi/lib/armv7-m\libg_nano.a(lib_a-memcpy-stub.o)
 .ARM.attributes
                0x000005ed       0x2d c:/program files (x86)/cypress/psoc creator/4.3/psoc creator/import/gnu/arm/5.4.1/bin/../lib/gcc/arm-none-eabi/5.4.1/../../../../arm-none-eabi/lib/armv7-m\libg_nano.a(lib_a-memset.o)
 .ARM.attributes
                0x0000061a       0x2d c:/program files (x86)/cypress/psoc creator/4.3/psoc creator/import/gnu/arm/5.4.1/bin/../lib/gcc/arm-none-eabi/5.4.1/../../../../arm-none-eabi/lib/armv7-m\libg_nano.a(lib_a-snprintf.o)
 .ARM.attributes
                0x00000647       0x2d c:/program files (x86)/cypress/psoc creator/4.3/psoc creator/import/gnu/arm/5.4.1/bin/../lib/gcc/arm-none-eabi/5.4.1/../../../../arm-none-eabi/lib/armv7-m\libg_nano.a(lib_a-nano-svfprintf.o)
 .ARM.attributes
                0x00000674       0x2d c:/program files (x86)/cypress/psoc creator/4.3/psoc creator/import/gnu/arm/5.4.1/bin/../lib/gcc/arm-none-eabi/5.4.1/../../../../arm-none-eabi/lib/armv7-m\libg_nano.a(lib_a-nano-vfprintf_i.o)
 .ARM.attributes
                0x000006a1       0x2d c:/program files (x86)/cypress/psoc creator/4.3/psoc creator/import/gnu/arm/5.4.1/bin/../lib/gcc/arm-none-eabi/5.4.1/../../../../arm-none-eabi/lib/armv7-m\libg_nano.a(lib_a-memchr-stub.o)
 .ARM.attributes
                0x000006ce       0x2d c:/program files (x86)/cypress/psoc creator/4.3/psoc creator/import/gnu/arm/5.4.1/bin/../lib/gcc/arm-none-eabi/5.4.1/../../../../arm-none-eabi/lib/armv7-m\libg_nano.a(lib_a-memmove.o)
 .ARM.attributes
                0x000006fb       0x2d c:/program files (x86)/cypress/psoc creator/4.3/psoc creator/import/gnu/arm/5.4.1/bin/../lib/gcc/arm-none-eabi/5.4.1/../../../../arm-none-eabi/lib/armv7-m\libg_nano.a(lib_a-nano-freer.o)
 .ARM.attributes
                0x00000728       0x2d c:/program files (x86)/cypress/psoc creator/4.3/psoc creator/import/gnu/arm/5.4.1/bin/../lib/gcc/arm-none-eabi/5.4.1/../../../../arm-none-eabi/lib/armv7-m\libg_nano.a(lib_a-nano-mallocr.o)
 .ARM.attributes
                0x00000755       0x2d c:/program files (x86)/cypress/psoc creator/4.3/psoc creator/import/gnu/arm/5.4.1/bin/../lib/gcc/arm-none-eabi/5.4.1/../../../../arm-none-eabi/lib/armv7-m\libg_nano.a(lib_a-nano-reallocr.o)
 .ARM.attributes
                0x00000782       0x2d c:/program files (x86)/cypress/psoc creator/4.3/psoc creator/import/gnu/arm/5.4.1/bin/../lib/gcc/arm-none-eabi/5.4.1/../../../../arm-none-eabi/lib/armv7-m\libg_nano.a(lib_a-sbrkr.o)
 .ARM.attributes
                0x000007af       0x2d c:/program files (x86)/cypress/psoc creator/4.3/psoc creator/import/gnu/arm/5.4.1/bin/../lib/gcc/arm-none-eabi/5.4.1/../../../../arm-none-eabi/lib/armv7-m\libg_nano.a(lib_a-mlock.o)
 .ARM.attributes
                0x000007dc       0x2d c:/program files (x86)/cypress/psoc creator/4.3/psoc creator/import/gnu/arm/5.4.1/bin/../lib/gcc/arm-none-eabi/5.4.1/../../../../arm-none-eabi/lib/armv7-m\libg_nano.a(lib_a-nano-msizer.o)
 .ARM.attributes
                0x00000809       0x2d c:/program files (x86)/cypress/psoc creator/4.3/psoc creator/import/gnu/arm/5.4.1/bin/../lib/gcc/arm-none-eabi/5.4.1/../../../../arm-none-eabi/lib/armv7-m\libg_nano.a(lib_a-reent.o)
 .ARM.attributes
                0x00000836       0x2d c:/program files (x86)/cypress/psoc creator/4.3/psoc creator/import/gnu/arm/5.4.1/bin/../lib/gcc/arm-none-eabi/5.4.1/armv7-m/crtend.o
 .ARM.attributes
                0x00000863       0x1d c:/program files (x86)/cypress/psoc creator/4.3/psoc creator/import/gnu/arm/5.4.1/bin/../lib/gcc/arm-none-eabi/5.4.1/armv7-m/crtn.o

/DISCARD/
 *(.note.GNU-stack)
OUTPUT(C:\Users\shynt\OneDrive\Skrivebord\ColorSensor\colorSensor.cydsn\CortexM3\ARM_GCC_541\Debug\colorSensor.elf elf32-littlearm)
