Archive member included to satisfy reference by file (symbol)

.\CortexM3\ARM_GCC_541\Debug\Main.a(in1.o)
                              .\CortexM3\ARM_GCC_541\Debug\motorStyring.o (in1_Write)
.\CortexM3\ARM_GCC_541\Debug\Main.a(PWM1.o)
                              .\CortexM3\ARM_GCC_541\Debug\motorStyring.o (PWM1_Stop)
.\CortexM3\ARM_GCC_541\Debug\Main.a(ADC_SAR_1.o)
                              .\CortexM3\ARM_GCC_541\Debug\Scale.o (ADC_SAR_1_Start)
.\CortexM3\ARM_GCC_541\Debug\Main.a(ADC_SAR_1_INT.o)
                              .\CortexM3\ARM_GCC_541\Debug\Main.a(ADC_SAR_1.o) (ADC_SAR_1_ISR)
.\CortexM3\ARM_GCC_541\Debug\Main.a(Control_Reg.o)
                              .\CortexM3\ARM_GCC_541\Debug\colorSensor.o (Control_Reg_Write)
.\CortexM3\ARM_GCC_541\Debug\Main.a(Counter_INT.o)
                              .\CortexM3\ARM_GCC_541\Debug\colorSensor.o (Counter_INT_StartEx)
.\CortexM3\ARM_GCC_541\Debug\Main.a(Counter.o)
                              .\CortexM3\ARM_GCC_541\Debug\colorSensor.o (Counter_Stop)
.\CortexM3\ARM_GCC_541\Debug\Main.a(Timer.o)
                              .\CortexM3\ARM_GCC_541\Debug\colorSensor.o (Timer_Stop)
.\CortexM3\ARM_GCC_541\Debug\Main.a(Timer_INT.o)
                              .\CortexM3\ARM_GCC_541\Debug\colorSensor.o (Timer_INT_StartEx)
.\CortexM3\ARM_GCC_541\Debug\Main.a(in2.o)
                              .\CortexM3\ARM_GCC_541\Debug\motorStyring.o (in2_Write)
.\CortexM3\ARM_GCC_541\Debug\Main.a(PWM2.o)
                              .\CortexM3\ARM_GCC_541\Debug\motorStyring.o (PWM2_Stop)
.\CortexM3\ARM_GCC_541\Debug\Main.a(in3.o)
                              .\CortexM3\ARM_GCC_541\Debug\motorStyring.o (in3_Write)
.\CortexM3\ARM_GCC_541\Debug\Main.a(in4.o)
                              .\CortexM3\ARM_GCC_541\Debug\motorStyring.o (in4_Write)
.\CortexM3\ARM_GCC_541\Debug\Main.a(S0.o)
                              .\CortexM3\ARM_GCC_541\Debug\colorSensor.o (S0_Write)
.\CortexM3\ARM_GCC_541\Debug\Main.a(S1.o)
                              .\CortexM3\ARM_GCC_541\Debug\colorSensor.o (S1_Write)
.\CortexM3\ARM_GCC_541\Debug\Main.a(S2.o)
                              .\CortexM3\ARM_GCC_541\Debug\colorSensor.o (S2_Write)
.\CortexM3\ARM_GCC_541\Debug\Main.a(S3.o)
                              .\CortexM3\ARM_GCC_541\Debug\colorSensor.o (S3_Write)
.\CortexM3\ARM_GCC_541\Debug\Main.a(OE.o)
                              .\CortexM3\ARM_GCC_541\Debug\colorSensor.o (OE_Write)
.\CortexM3\ARM_GCC_541\Debug\Main.a(ADC_SAR_1_theACLK.o)
                              .\CortexM3\ARM_GCC_541\Debug\Main.a(ADC_SAR_1.o) (ADC_SAR_1_theACLK_SetModeRegister)
.\CortexM3\ARM_GCC_541\Debug\Main.a(CyLib.o)
                              .\CortexM3\ARM_GCC_541\Debug\Cm3Start.o (CyHalt)
.\CortexM3\ARM_GCC_541\Debug\Main.a(cyPm.o)
                              .\CortexM3\ARM_GCC_541\Debug\Main.a(CyLib.o) (CyPmReadStatus)
.\CortexM3\ARM_GCC_541\Debug\Main.a(I2C_SLAVE.o)
                              .\CortexM3\ARM_GCC_541\Debug\i2cKommunikation.o (I2C_SlaveStatus)
.\CortexM3\ARM_GCC_541\Debug\Main.a(PWM_Trigger.o)
                              .\CortexM3\ARM_GCC_541\Debug\Afstandssensor.o (PWM_Trigger_Start)
.\CortexM3\ARM_GCC_541\Debug\Main.a(Timer_1.o)
                              .\CortexM3\ARM_GCC_541\Debug\Afstandssensor.o (Timer_1_ReadCapture)
.\CortexM3\ARM_GCC_541\Debug\Main.a(Timer_int_1.o)
                              .\CortexM3\ARM_GCC_541\Debug\Afstandssensor.o (Timer_int_1_StartEx)
.\CortexM3\ARM_GCC_541\Debug\Main.a(LED.o)
                              .\CortexM3\ARM_GCC_541\Debug\main.o (LED_Write)
.\CortexM3\ARM_GCC_541\Debug\Main.a(CyBootAsmGnu.o)
                              .\CortexM3\ARM_GCC_541\Debug\cyfitter_cfg.o (CyDelayCycles)
.\CortexM3\ARM_GCC_541\Debug\Main.a(CyFlash.o)
                              .\CortexM3\ARM_GCC_541\Debug\Main.a(cyPm.o) (CyFlash_SetWaitCycles)
.\CortexM3\ARM_GCC_541\Debug\Main.a(CySpc.o)
                              .\CortexM3\ARM_GCC_541\Debug\Main.a(CyFlash.o) (CySpcStart)
c:/program files (x86)/cypress/psoc creator/4.3/psoc creator/import/gnu/arm/5.4.1/bin/../lib/gcc/arm-none-eabi/5.4.1/armv7-m\libgcc.a(_arm_addsubdf3.o)
                              .\CortexM3\ARM_GCC_541\Debug\Scale.o (__aeabi_dsub)
c:/program files (x86)/cypress/psoc creator/4.3/psoc creator/import/gnu/arm/5.4.1/bin/../lib/gcc/arm-none-eabi/5.4.1/armv7-m\libgcc.a(_arm_muldivdf3.o)
                              .\CortexM3\ARM_GCC_541\Debug\Scale.o (__aeabi_dmul)
c:/program files (x86)/cypress/psoc creator/4.3/psoc creator/import/gnu/arm/5.4.1/bin/../lib/gcc/arm-none-eabi/5.4.1/armv7-m\libgcc.a(_arm_fixdfsi.o)
                              .\CortexM3\ARM_GCC_541\Debug\Afstandssensor.o (__aeabi_d2iz)
c:/program files (x86)/cypress/psoc creator/4.3/psoc creator/import/gnu/arm/5.4.1/bin/../lib/gcc/arm-none-eabi/5.4.1/armv7-m\libgcc.a(_arm_truncdfsf2.o)
                              .\CortexM3\ARM_GCC_541\Debug\Scale.o (__aeabi_d2f)
[...]
Memory Configuration

Name             Origin             Length             Attributes
rom              0x00000000         0x00040000         xr
ram              0x1fff8000         0x00010000         xrw
*default*        0x00000000         0xffffffff

Linker script and memory map

LOAD c:/program files (x86)/cypress/psoc creator/4.3/psoc creator/import/gnu/arm/5.4.1/bin/../lib/gcc/arm-none-eabi/5.4.1/armv7-m/crti.o
LOAD c:/program files (x86)/cypress/psoc creator/4.3/psoc creator/import/gnu/arm/5.4.1/bin/../lib/gcc/arm-none-eabi/5.4.1/armv7-m/crtbegin.o
LOAD c:/program files (x86)/cypress/psoc creator/4.3/psoc creator/import/gnu/arm/5.4.1/bin/../lib/gcc/arm-none-eabi/5.4.1/../../../../arm-none-eabi/lib/armv7-m/crt0.o
START GROUP
LOAD .\CortexM3\ARM_GCC_541\Debug\main.o
LOAD .\CortexM3\ARM_GCC_541\Debug\motorStyring.o
LOAD .\CortexM3\ARM_GCC_541\Debug\Scale.o
LOAD .\CortexM3\ARM_GCC_541\Debug\colorSensor.o
LOAD .\CortexM3\ARM_GCC_541\Debug\i2cKommunikation.o
LOAD .\CortexM3\ARM_GCC_541\Debug\Afstandssensor.o
LOAD .\CortexM3\ARM_GCC_541\Debug\cyfitter_cfg.o
LOAD .\CortexM3\ARM_GCC_541\Debug\cymetadata.o
LOAD .\CortexM3\ARM_GCC_541\Debug\Cm3Start.o
LOAD .\CortexM3\ARM_GCC_541\Debug\Main.a
LOAD C:\Program Files (x86)\Cypress\PSoC Creator\4.3\PSoC Creator\psoc\content\cycomponentlibrary\CyComponentLibrary.cylib\CortexM3\ARM_GCC_541\Debug\CyComponentLibrary.a
END GROUP
START GROUP
LOAD c:/program files (x86)/cypress/psoc creator/4.3/psoc creator/import/gnu/arm/5.4.1/bin/../lib/gcc/arm-none-eabi/5.4.1/armv7-m\libgcc.a
LOAD c:/program files (x86)/cypress/psoc creator/4.3/psoc creator/import/gnu/arm/5.4.1/bin/../lib/gcc/arm-none-eabi/5.4.1/../../../../arm-none-eabi/lib/armv7-m\libg_nano.a
LOAD c:/program files (x86)/cypress/psoc creator/4.3/psoc creator/import/gnu/arm/5.4.1/bin/../lib/gcc/arm-none-eabi/5.4.1/../../../../arm-none-eabi/lib/armv7-m\libc_nano.a
END GROUP
START GROUP
LOAD c:/program files (x86)/cypress/psoc creator/4.3/psoc creator/import/gnu/arm/5.4.1/bin/../lib/gcc/arm-none-eabi/5.4.1/armv7-m\libgcc.a
LOAD c:/program files (x86)/cypress/psoc creator/4.3/psoc creator/import/gnu/arm/5.4.1/bin/../lib/gcc/arm-none-eabi/5.4.1/../../../../arm-none-eabi/lib/armv7-m\libc_nano.a
END GROUP
LOAD c:/program files (x86)/cypress/psoc creator/4.3/psoc creator/import/gnu/arm/5.4.1/bin/../lib/gcc/arm-none-eabi/5.4.1/armv7-m/crtend.o
LOAD c:/program files (x86)/cypress/psoc creator/4.3/psoc creator/import/gnu/arm/5.4.1/bin/../lib/gcc/arm-none-eabi/5.4.1/armv7-m/crtn.o
START GROUP
LOAD c:/program files (x86)/cypress/psoc creator/4.3/psoc creator/import/gnu/arm/5.4.1/bin/../lib/gcc/arm-none-eabi/5.4.1/armv7-m\libgcc.a
LOAD c:/program files (x86)/cypress/psoc creator/4.3/psoc creator/import/gnu/arm/5.4.1/bin/../lib/gcc/arm-none-eabi/5.4.1/../../../../arm-none-eabi/lib/armv7-m\libc.a
LOAD c:/program files (x86)/cypress/psoc creator/4.3/psoc creator/import/gnu/arm/5.4.1/bin/../lib/gcc/arm-none-eabi/5.4.1/../../../../arm-none-eabi/lib/armv7-m\libnosys.a
END GROUP
                0x00000000                CY_APPL_ORIGIN = 0x0
                0x00000100                CY_FLASH_ROW_SIZE = 0x100
                0x00000020                CY_ECC_ROW_SIZE = 0x20
                0x00000000                CY_EE_IN_BTLDR = 0x0
                0x00000000                CY_APPL_LOADABLE = 0x0
                0x00000800                CY_EE_SIZE = 0x800
                0x00000001                CY_APPL_NUM = 0x1
                0x00000001                CY_APPL_MAX = 0x1
                0x00000040                CY_METADATA_SIZE = 0x40
                0x00000000                CY_APPL_LOADABLE = 0x0
                0x00000000                CY_CHECKSUM_EXCLUDE_SIZE = ALIGN (0x0, CY_FLASH_ROW_SIZE)
                [!provide]                PROVIDE (__cy_heap_start, _end)
                0x00000001                PROVIDE (__cy_region_num, ((__cy_regions_end - __cy_regions) / 0x10))
                0x20008000                PROVIDE (__cy_stack, (ORIGIN (ram) + LENGTH (ram)))
                [!provide]                PROVIDE (__cy_heap_end, (__cy_stack - 0x800))

.cybootloader   0x00000000        0x0
 *(.cybootloader)
                0x00000000                appl1_start = CY_APPL_ORIGIN?CY_APPL_ORIGIN:ALIGN (CY_FLASH_ROW_SIZE)
                0x0001ff00                appl2_start = (appl1_start + ALIGN ((((LENGTH (rom) - appl1_start) - (0x2 * CY_FLASH_ROW_SIZE)) / 0x2), CY_FLASH_ROW_SIZE))
                0x00000000                appl_start = (CY_APPL_NUM == 0x1)?appl1_start:appl2_start
                0x00000000                ecc_offset = ((appl_start / CY_FLASH_ROW_SIZE) * CY_ECC_ROW_SIZE)
                0x00000000                ee_offset = (CY_APPL_LOADABLE && ! (CY_EE_IN_BTLDR))?((CY_EE_SIZE / CY_APPL_MAX) * (CY_APPL_NUM - 0x1)):0x0
                0x00000800                ee_size = (CY_APPL_LOADABLE && ! (CY_EE_IN_BTLDR))?(CY_EE_SIZE / CY_APPL_MAX):CY_EE_SIZE
                [!provide]                PROVIDE (CY_ECC_OFFSET, ecc_offset)

.text           0x00000000      0x97e
 CREATE_OBJECT_SYMBOLS
                0x00000000                PROVIDE (__cy_interrupt_vector, RomVectors)
 *(.romvectors)
 .romvectors    0x00000000       0x10 .\CortexM3\ARM_GCC_541\Debug\Cm3Start.o
                0x00000000                RomVectors
                0x00000001                ASSERT ((. != __cy_interrupt_vector), No interrupt vector)
                0x00000001                ASSERT (CY_APPL_ORIGIN?(SIZEOF (.cybootloader) <= CY_APPL_ORIGIN):0x1, Wrong image location)
                0x00000010                PROVIDE (__cy_reset, Reset)
 *(.text.Reset)
 .text.Reset    0x00000010       0x18 .\CortexM3\ARM_GCC_541\Debug\Cm3Start.o
                0x00000010                Reset
                0x00000001                ASSERT ((. != __cy_reset), No reset code)
 *(.dma_init)
                0x00000001                ASSERT ((((appl_start + .) <= 0x10000) || 0x1), DMA Init must be within the first 64k of flash)
 *(.text .text.* .gnu.linkonce.t.*)
 .text          0x00000028       0x5c c:/program files (x86)/cypress/psoc creator/4.3/psoc creator/import/gnu/arm/5.4.1/bin/../lib/gcc/arm-none-eabi/5.4.1/armv7-m/crtbegin.o
 .text.main     0x00000084       0x2c .\CortexM3\ARM_GCC_541\Debug\main.o
                0x00000084                main
 .text.initMotor
                0x000000b0        0xc .\CortexM3\ARM_GCC_541\Debug\motorStyring.o
                0x000000b0                initMotor
 .text.driveForward
                0x000000bc       0x30 .\CortexM3\ARM_GCC_541\Debug\motorStyring.o
                0x000000bc                driveForward
 .text.Timer_int_Handler
                0x000000ec        0x8 .\CortexM3\ARM_GCC_541\Debug\Afstandssensor.o
                0x000000ec                Timer_int_Handler
 .text.initDistSens
                0x000000f4       0x18 .\CortexM3\ARM_GCC_541\Debug\Afstandssensor.o
                0x000000f4                initDistSens
 .text.CyClockStartupError
                0x0000010c        0x4 .\CortexM3\ARM_GCC_541\Debug\cyfitter_cfg.o
 .text.cfg_write_bytes32
                0x00000110       0x34 .\CortexM3\ARM_GCC_541\Debug\cyfitter_cfg.o
 .text.AnalogSetDefault
                0x00000144       0x44 .\CortexM3\ARM_GCC_541\Debug\cyfitter_cfg.o
 .text.CYMEMZERO
                0x00000188        0xc .\CortexM3\ARM_GCC_541\Debug\cyfitter_cfg.o
 .text.CYCONFIGCPY
                0x00000194        0x8 .\CortexM3\ARM_GCC_541\Debug\cyfitter_cfg.o
 .text.ClockSetup
                0x0000019c      0x124 .\CortexM3\ARM_GCC_541\Debug\cyfitter_cfg.o
 .text.cyfitter_cfg
                0x000002c0      0x114 .\CortexM3\ARM_GCC_541\Debug\cyfitter_cfg.o
                0x000002c0                cyfitter_cfg
 .text.IntDefaultHandler
                0x000003d4       0x10 .\CortexM3\ARM_GCC_541\Debug\Cm3Start.o
                0x000003d4                IntDefaultHandler
 .text.Start_c  0x000003e4       0x4c .\CortexM3\ARM_GCC_541\Debug\Cm3Start.o
                0x000003e4                Start_c
 .text.initialize_psoc
                0x00000430       0x68 .\CortexM3\ARM_GCC_541\Debug\Cm3Start.o
                0x00000430                initialize_psoc
 .text.in1_Write
                0x00000498       0x18 .\CortexM3\ARM_GCC_541\Debug\Main.a(in1.o)
                0x00000498                in1_Write
 .text.PWM1_Enable
                0x000004b0       0x10 .\CortexM3\ARM_GCC_541\Debug\Main.a(PWM1.o)
                0x000004b0                PWM1_Enable
 .text.PWM1_WriteCounter
                0x000004c0        0xc .\CortexM3\ARM_GCC_541\Debug\Main.a(PWM1.o)
                0x000004c0                PWM1_WriteCounter
 .text.PWM1_WritePeriod
                0x000004cc        0xc .\CortexM3\ARM_GCC_541\Debug\Main.a(PWM1.o)
                0x000004cc                PWM1_WritePeriod
 .text.PWM1_WriteCompare
                0x000004d8        0xc .\CortexM3\ARM_GCC_541\Debug\Main.a(PWM1.o)
                0x000004d8                PWM1_WriteCompare
 .text.PWM1_SetInterruptMode
                0x000004e4        0xc .\CortexM3\ARM_GCC_541\Debug\Main.a(PWM1.o)
                0x000004e4                PWM1_SetInterruptMode
 .text.PWM1_ReadStatusRegister
                0x000004f0        0xc .\CortexM3\ARM_GCC_541\Debug\Main.a(PWM1.o)
                0x000004f0                PWM1_ReadStatusRegister
 .text.PWM1_ReadCapture
                0x000004fc        0xc .\CortexM3\ARM_GCC_541\Debug\Main.a(PWM1.o)
                0x000004fc                PWM1_ReadCapture
 .text.PWM1_ClearFIFO
                0x00000508       0x14 .\CortexM3\ARM_GCC_541\Debug\Main.a(PWM1.o)
                0x00000508                PWM1_ClearFIFO
 .text.PWM1_Init
                0x0000051c       0x50 .\CortexM3\ARM_GCC_541\Debug\Main.a(PWM1.o)
                0x0000051c                PWM1_Init
 .text.PWM1_Start
                0x0000056c       0x1c .\CortexM3\ARM_GCC_541\Debug\Main.a(PWM1.o)
                0x0000056c                PWM1_Start
 .text.in2_Write
                0x00000588       0x18 .\CortexM3\ARM_GCC_541\Debug\Main.a(in2.o)
                0x00000588                in2_Write
 .text.PWM2_Enable
                0x000005a0       0x10 .\CortexM3\ARM_GCC_541\Debug\Main.a(PWM2.o)
                0x000005a0                PWM2_Enable
 .text.PWM2_WriteCounter
                0x000005b0        0xc .\CortexM3\ARM_GCC_541\Debug\Main.a(PWM2.o)
                0x000005b0                PWM2_WriteCounter
 .text.PWM2_WritePeriod
                0x000005bc        0xc .\CortexM3\ARM_GCC_541\Debug\Main.a(PWM2.o)
                0x000005bc                PWM2_WritePeriod
 .text.PWM2_WriteCompare
                0x000005c8        0xc .\CortexM3\ARM_GCC_541\Debug\Main.a(PWM2.o)
                0x000005c8                PWM2_WriteCompare
 .text.PWM2_SetInterruptMode
                0x000005d4        0xc .\CortexM3\ARM_GCC_541\Debug\Main.a(PWM2.o)
                0x000005d4                PWM2_SetInterruptMode
 .text.PWM2_ReadStatusRegister
                0x000005e0        0xc .\CortexM3\ARM_GCC_541\Debug\Main.a(PWM2.o)
                0x000005e0                PWM2_ReadStatusRegister
 .text.PWM2_ReadCapture
                0x000005ec        0xc .\CortexM3\ARM_GCC_541\Debug\Main.a(PWM2.o)
                0x000005ec                PWM2_ReadCapture
 .text.PWM2_ClearFIFO
                0x000005f8       0x14 .\CortexM3\ARM_GCC_541\Debug\Main.a(PWM2.o)
                0x000005f8                PWM2_ClearFIFO
 .text.PWM2_Init
                0x0000060c       0x50 .\CortexM3\ARM_GCC_541\Debug\Main.a(PWM2.o)
                0x0000060c                PWM2_Init
 .text.PWM2_Start
                0x0000065c       0x1c .\CortexM3\ARM_GCC_541\Debug\Main.a(PWM2.o)
                0x0000065c                PWM2_Start
 .text.in3_Write
                0x00000678       0x18 .\CortexM3\ARM_GCC_541\Debug\Main.a(in3.o)
                0x00000678                in3_Write
 .text.in4_Write
                0x00000690       0x18 .\CortexM3\ARM_GCC_541\Debug\Main.a(in4.o)
                0x00000690                in4_Write
 .text.PWM_Trigger_Enable
                0x000006a8       0x10 .\CortexM3\ARM_GCC_541\Debug\Main.a(PWM_Trigger.o)
                0x000006a8                PWM_Trigger_Enable
 .text.PWM_Trigger_WriteCounter
                0x000006b8        0xc .\CortexM3\ARM_GCC_541\Debug\Main.a(PWM_Trigger.o)
                0x000006b8                PWM_Trigger_WriteCounter
 .text.PWM_Trigger_WritePeriod
                0x000006c4        0xc .\CortexM3\ARM_GCC_541\Debug\Main.a(PWM_Trigger.o)
                0x000006c4                PWM_Trigger_WritePeriod
 .text.PWM_Trigger_WriteCompare
                0x000006d0        0xc .\CortexM3\ARM_GCC_541\Debug\Main.a(PWM_Trigger.o)
                0x000006d0                PWM_Trigger_WriteCompare
 .text.PWM_Trigger_SetInterruptMode
                0x000006dc        0xc .\CortexM3\ARM_GCC_541\Debug\Main.a(PWM_Trigger.o)
                0x000006dc                PWM_Trigger_SetInterruptMode
 .text.PWM_Trigger_ReadStatusRegister
                0x000006e8        0xc .\CortexM3\ARM_GCC_541\Debug\Main.a(PWM_Trigger.o)
                0x000006e8                PWM_Trigger_ReadStatusRegister
 .text.PWM_Trigger_ReadCapture
                0x000006f4        0xc .\CortexM3\ARM_GCC_541\Debug\Main.a(PWM_Trigger.o)
                0x000006f4                PWM_Trigger_ReadCapture
 .text.PWM_Trigger_ClearFIFO
                0x00000700       0x14 .\CortexM3\ARM_GCC_541\Debug\Main.a(PWM_Trigger.o)
                0x00000700                PWM_Trigger_ClearFIFO
 .text.PWM_Trigger_Init
                0x00000714       0x60 .\CortexM3\ARM_GCC_541\Debug\Main.a(PWM_Trigger.o)
                0x00000714                PWM_Trigger_Init
 .text.PWM_Trigger_Start
                0x00000774       0x1c .\CortexM3\ARM_GCC_541\Debug\Main.a(PWM_Trigger.o)
                0x00000774                PWM_Trigger_Start
 .text.Timer_1_Enable
                0x00000790       0x10 .\CortexM3\ARM_GCC_541\Debug\Main.a(Timer_1.o)
                0x00000790                Timer_1_Enable
 .text.Timer_1_SetInterruptMode
                0x000007a0        0xc .\CortexM3\ARM_GCC_541\Debug\Main.a(Timer_1.o)
                0x000007a0                Timer_1_SetInterruptMode
 .text.Timer_1_ReadStatusRegister
                0x000007ac        0xc .\CortexM3\ARM_GCC_541\Debug\Main.a(Timer_1.o)
                0x000007ac                Timer_1_ReadStatusRegister
 .text.Timer_1_WritePeriod
                0x000007b8        0xc .\CortexM3\ARM_GCC_541\Debug\Main.a(Timer_1.o)
                0x000007b8                Timer_1_WritePeriod
 .text.Timer_1_ReadCapture
                0x000007c4        0xc .\CortexM3\ARM_GCC_541\Debug\Main.a(Timer_1.o)
                0x000007c4                Timer_1_ReadCapture
 .text.Timer_1_WriteCounter
                0x000007d0        0xc .\CortexM3\ARM_GCC_541\Debug\Main.a(Timer_1.o)
                0x000007d0                Timer_1_WriteCounter
 .text.Timer_1_EnableTrigger
                0x000007dc       0x10 .\CortexM3\ARM_GCC_541\Debug\Main.a(Timer_1.o)
                0x000007dc                Timer_1_EnableTrigger
 .text.Timer_1_SetInterruptCount
                0x000007ec       0x1c .\CortexM3\ARM_GCC_541\Debug\Main.a(Timer_1.o)
                0x000007ec                Timer_1_SetInterruptCount
 .text.Timer_1_ClearFIFO
                0x00000808       0x14 .\CortexM3\ARM_GCC_541\Debug\Main.a(Timer_1.o)
                0x00000808                Timer_1_ClearFIFO
 .text.Timer_1_Init
                0x0000081c       0x40 .\CortexM3\ARM_GCC_541\Debug\Main.a(Timer_1.o)
                0x0000081c                Timer_1_Init
 .text.Timer_1_Start
                0x0000085c       0x1c .\CortexM3\ARM_GCC_541\Debug\Main.a(Timer_1.o)
                0x0000085c                Timer_1_Start
 .text.Timer_int_1_SetVector
                0x00000878        0xc .\CortexM3\ARM_GCC_541\Debug\Main.a(Timer_int_1.o)
                0x00000878                Timer_int_1_SetVector
 .text.Timer_int_1_SetPriority
                0x00000884       0x10 .\CortexM3\ARM_GCC_541\Debug\Main.a(Timer_int_1.o)
                0x00000884                Timer_int_1_SetPriority
 .text.Timer_int_1_Enable
                0x00000894        0xc .\CortexM3\ARM_GCC_541\Debug\Main.a(Timer_int_1.o)
                0x00000894                Timer_int_1_Enable
 .text.Timer_int_1_Disable
                0x000008a0        0xc .\CortexM3\ARM_GCC_541\Debug\Main.a(Timer_int_1.o)
                0x000008a0                Timer_int_1_Disable
 .text.Timer_int_1_StartEx
                0x000008ac       0x1c .\CortexM3\ARM_GCC_541\Debug\Main.a(Timer_int_1.o)
                0x000008ac                Timer_int_1_StartEx
 .text.LED_Write
                0x000008c8       0x18 .\CortexM3\ARM_GCC_541\Debug\Main.a(LED.o)
                0x000008c8                LED_Write
 .text          0x000008e0       0x20 .\CortexM3\ARM_GCC_541\Debug\Main.a(CyBootAsmGnu.o)
                0x000008e0                CyDelayCycles
                0x000008f0                CyEnterCriticalSection
                0x000008f8                CyExitCriticalSection
 .text.__errno  0x00000900        0xc c:/program files (x86)/cypress/psoc creator/4.3/psoc creator/import/gnu/arm/5.4.1/bin/../lib/gcc/arm-none-eabi/5.4.1/../../../../arm-none-eabi/lib/armv7-m\libg_nano.a(lib_a-errno.o)
                0x00000900                __errno
 .text.__libc_init_array
                0x0000090c       0x4c c:/program files (x86)/cypress/psoc creator/4.3/psoc creator/import/gnu/arm/5.4.1/bin/../lib/gcc/arm-none-eabi/5.4.1/../../../../arm-none-eabi/lib/armv7-m\libg_nano.a(lib_a-init.o)
                0x0000090c                __libc_init_array
 .text.memcpy   0x00000958       0x16 c:/program files (x86)/cypress/psoc creator/4.3/psoc creator/import/gnu/arm/5.4.1/bin/../lib/gcc/arm-none-eabi/5.4.1/../../../../arm-none-eabi/lib/armv7-m\libg_nano.a(lib_a-memcpy-stub.o)
                0x00000958                memcpy
 .text.memset   0x0000096e       0x10 c:/program files (x86)/cypress/psoc creator/4.3/psoc creator/import/gnu/arm/5.4.1/bin/../lib/gcc/arm-none-eabi/5.4.1/../../../../arm-none-eabi/lib/armv7-m\libg_nano.a(lib_a-memset.o)
                0x0000096e                memset
 *(.plt)
 *(.gnu.warning)
 *(.glue_7t)
 .glue_7t       0x0000097e        0x0 linker stubs
 *(.glue_7)
 .glue_7        0x0000097e        0x0 linker stubs
 *(.vfp11_veneer)
 .vfp11_veneer  0x0000097e        0x0 linker stubs
 *(.bootloader)
 *(.ARM.extab* .gnu.linkonce.armextab.*)
 *(.gcc_except_table)

.v4_bx          0x00000980        0x0
 .v4_bx         0x00000980        0x0 linker stubs

.iplt           0x00000980        0x0
 .iplt          0x00000980        0x0 c:/program files (x86)/cypress/psoc creator/4.3/psoc creator/import/gnu/arm/5.4.1/bin/../lib/gcc/arm-none-eabi/5.4.1/armv7-m/crtbegin.o

.eh_frame_hdr
 *(.eh_frame_hdr)

.eh_frame       0x00000980        0x4
 *(.eh_frame)
 .eh_frame      0x00000980        0x0 c:/program files (x86)/cypress/psoc creator/4.3/psoc creator/import/gnu/arm/5.4.1/bin/../lib/gcc/arm-none-eabi/5.4.1/armv7-m/crtbegin.o
 .eh_frame      0x00000980        0x4 c:/program files (x86)/cypress/psoc creator/4.3/psoc creator/import/gnu/arm/5.4.1/bin/../lib/gcc/arm-none-eabi/5.4.1/armv7-m/crtend.o
                [!provide]                PROVIDE (__exidx_start, .)

.ARM.exidx
 *(.ARM.exidx* .gnu.linkonce.armexidx.*)
                0x00000984                __exidx_end = .

.rodata         0x00000984       0x6c
 *(.rodata .rodata.* .gnu.linkonce.r.*)
 .rodata        0x00000984       0x30 .\CortexM3\ARM_GCC_541\Debug\cyfitter_cfg.o
 .rodata.str1.1
                0x000009b4        0x2 c:/program files (x86)/cypress/psoc creator/4.3/psoc creator/import/gnu/arm/5.4.1/bin/../lib/gcc/arm-none-eabi/5.4.1/../../../../arm-none-eabi/lib/armv7-m\libg_nano.a(lib_a-impure.o)
                0x000009b8                . = ALIGN (0x4)
 *fill*         0x000009b6        0x2 
 *(.init)
 .init          0x000009b8        0x4 c:/program files (x86)/cypress/psoc creator/4.3/psoc creator/import/gnu/arm/5.4.1/bin/../lib/gcc/arm-none-eabi/5.4.1/armv7-m/crti.o
                0x000009b8                _init
 .init          0x000009bc        0x8 c:/program files (x86)/cypress/psoc creator/4.3/psoc creator/import/gnu/arm/5.4.1/bin/../lib/gcc/arm-none-eabi/5.4.1/armv7-m/crtn.o
                0x000009c4                . = ALIGN (0x4)
                0x000009c4                __preinit_array_start = .
 *(.preinit_array)
                0x000009c4                __preinit_array_end = .
                0x000009c4                . = ALIGN (0x4)
                0x000009c4                __init_array_start = .
 *(SORT(.init_array.*))
 *(.init_array)
 .init_array    0x000009c4        0x4 c:/program files (x86)/cypress/psoc creator/4.3/psoc creator/import/gnu/arm/5.4.1/bin/../lib/gcc/arm-none-eabi/5.4.1/armv7-m/crtbegin.o
 .init_array    0x000009c8        0x4 .\CortexM3\ARM_GCC_541\Debug\Cm3Start.o
                0x000009cc                __init_array_end = .
                0x000009cc                . = ALIGN (0x4)
 *(.fini)
 .fini          0x000009cc        0x4 c:/program files (x86)/cypress/psoc creator/4.3/psoc creator/import/gnu/arm/5.4.1/bin/../lib/gcc/arm-none-eabi/5.4.1/armv7-m/crti.o
                0x000009cc                _fini
 .fini          0x000009d0        0x8 c:/program files (x86)/cypress/psoc creator/4.3/psoc creator/import/gnu/arm/5.4.1/bin/../lib/gcc/arm-none-eabi/5.4.1/armv7-m/crtn.o
                0x000009d8                . = ALIGN (0x4)
                0x000009d8                __fini_array_start = .
 *(.fini_array)
 .fini_array    0x000009d8        0x4 c:/program files (x86)/cypress/psoc creator/4.3/psoc creator/import/gnu/arm/5.4.1/bin/../lib/gcc/arm-none-eabi/5.4.1/armv7-m/crtbegin.o
 *(SORT(.fini_array.*))
                0x000009dc                __fini_array_end = .
                0x000009dc                . = ALIGN (0x4)
 *crtbegin.o(.ctors)
 *(EXCLUDE_FILE(*crtend.o) .ctors)
 *(SORT(.ctors.*))
 *crtend.o(.ctors)
                0x000009dc                . = ALIGN (0x4)
 *crtbegin.o(.dtors)
 *(EXCLUDE_FILE(*crtend.o) .dtors)
 *(SORT(.dtors.*))
 *crtend.o(.dtors)
                0x000009dc                . = ALIGN (0x4)
                0x000009dc                __cy_regions = .
                0x000009dc        0x4 LONG 0x9f0 __cy_region_init_ram
                0x000009e0        0x4 LONG 0x1fff80c8 __cy_region_start_data
                0x000009e4        0x4 LONG 0x68 __cy_region_init_size_ram
                0x000009e8        0x4 LONG 0x28 __cy_region_zero_size_ram
                0x000009ec                __cy_regions_end = .
                0x000009f0                . = ALIGN (0x8)
 *fill*         0x000009ec        0x4 
                0x000009f0                _etext = .

.cy_checksum_exclude
                0x000009f0        0x0
 *(.cy_checksum_exclude)

.ramvectors     0x1fff8000       0xc0
                0x1fff8000                __cy_region_start_ram = .
 *(.ramvectors)
 .ramvectors    0x1fff8000       0xc0 .\CortexM3\ARM_GCC_541\Debug\Cm3Start.o
                0x1fff8000                CyRamVectors

.noinit         0x1fff80c0        0x1
 *(.noinit)
 .noinit        0x1fff80c0        0x1 .\CortexM3\ARM_GCC_541\Debug\Main.a(CyLib.o)
                0x1fff80c0                CyResetStatus

.data           0x1fff80c8       0x68 load address 0x000009f0
                0x1fff80c8                __cy_region_start_data = .
 *(.jcr)
 .jcr           0x1fff80c8        0x0 c:/program files (x86)/cypress/psoc creator/4.3/psoc creator/import/gnu/arm/5.4.1/bin/../lib/gcc/arm-none-eabi/5.4.1/armv7-m/crtbegin.o
 .jcr           0x1fff80c8        0x4 c:/program files (x86)/cypress/psoc creator/4.3/psoc creator/import/gnu/arm/5.4.1/bin/../lib/gcc/arm-none-eabi/5.4.1/armv7-m/crtend.o
 *(.got.plt)
 *(.got)
 *(.shdata)
 *(.data .data.* .gnu.linkonce.d.*)
 .data.impure_data
                0x1fff80cc       0x60 c:/program files (x86)/cypress/psoc creator/4.3/psoc creator/import/gnu/arm/5.4.1/bin/../lib/gcc/arm-none-eabi/5.4.1/../../../../arm-none-eabi/lib/armv7-m\libg_nano.a(lib_a-impure.o)
 .data._impure_ptr
                0x1fff812c        0x4 c:/program files (x86)/cypress/psoc creator/4.3/psoc creator/import/gnu/arm/5.4.1/bin/../lib/gcc/arm-none-eabi/5.4.1/../../../../arm-none-eabi/lib/armv7-m\libg_nano.a(lib_a-impure.o)
                0x1fff812c                _impure_ptr
                0x1fff8130                . = ALIGN (0x8)
 *(.ram)
                0x1fff8130                _edata = .

.igot.plt       0x1fff8130        0x0 load address 0x00000a58
 .igot.plt      0x1fff8130        0x0 c:/program files (x86)/cypress/psoc creator/4.3/psoc creator/import/gnu/arm/5.4.1/bin/../lib/gcc/arm-none-eabi/5.4.1/armv7-m/crtbegin.o

.bss            0x1fff8130       0x28 load address 0x00000a58
                0x1fff8130                PROVIDE (__bss_start__, .)
 *(.shbss)
 *(.bss .bss.* .gnu.linkonce.b.*)
 .bss           0x1fff8130       0x1c c:/program files (x86)/cypress/psoc creator/4.3/psoc creator/import/gnu/arm/5.4.1/bin/../lib/gcc/arm-none-eabi/5.4.1/armv7-m/crtbegin.o
 .bss           0x1fff814c        0x1 .\CortexM3\ARM_GCC_541\Debug\Main.a(PWM1.o)
                0x1fff814c                PWM1_initVar
 .bss           0x1fff814d        0x1 .\CortexM3\ARM_GCC_541\Debug\Main.a(PWM2.o)
                0x1fff814d                PWM2_initVar
 .bss           0x1fff814e        0x1 .\CortexM3\ARM_GCC_541\Debug\Main.a(PWM_Trigger.o)
                0x1fff814e                PWM_Trigger_initVar
 .bss           0x1fff814f        0x1 .\CortexM3\ARM_GCC_541\Debug\Main.a(Timer_1.o)
                0x1fff814f                Timer_1_initVar
 *(COMMON)
 COMMON         0x1fff8150        0x4 .\CortexM3\ARM_GCC_541\Debug\main.o
                0x1fff8150                distance
                0x1fff8158                . = ALIGN (0x8)
 *fill*         0x1fff8154        0x4 
 *(.ram.b)
                0x1fff8158                _end = .
                0x1fff8158                __end = .
                0x1fff8158                PROVIDE (end, .)
                0x1fff8158                PROVIDE (__bss_end__, .)
                0x000009f0                __cy_region_init_ram = LOADADDR (.data)
                0x00000068                __cy_region_init_size_ram = (_edata - ADDR (.data))
                0x00000028                __cy_region_zero_size_ram = (_end - _edata)

.heap           0x1fff8158       0x80 load address 0x00000a58
                0x1fff8158                . = _end
                0x1fff81d8                . = (. + 0x80)
 *fill*         0x1fff8158       0x80 
                0x1fff81d8                __cy_heap_limit = .

.stack          0x20007800      0x800
                0x20007800                __cy_stack_limit = .
                0x20008000                . = (. + 0x800)
 *fill*         0x20007800      0x800 
                0x00000001                ASSERT ((__cy_stack_limit >= __cy_heap_limit), region RAM overflowed with stack)
                0x00000000                cy_checksum_exclude_size = (CY_APPL_LOADABLE == 0x1)?SIZEOF (.cy_checksum_exclude):0x0
                0x00000001                ASSERT ((cy_checksum_exclude_size <= CY_CHECKSUM_EXCLUDE_SIZE), CY_BOOT: Section .cy_checksum_exclude size exceedes specified limit.)

.cyloadermeta
 *(.cyloadermeta)

.cyloadablemeta
 *(.cyloadablemeta)

.cyconfigecc    0x80000000      0x71c
 *(.cyconfigecc)
 .cyconfigecc   0x80000000      0x71c .\CortexM3\ARM_GCC_541\Debug\cymetadata.o
                0x80000000                cy_meta_configecc

.cycustnvl      0x90000000        0x4
 *(.cycustnvl)
 .cycustnvl     0x90000000        0x4 .\CortexM3\ARM_GCC_541\Debug\cymetadata.o
                0x90000000                cy_meta_custnvl

.cywolatch      0x90100000        0x4
 *(.cywolatch)
 .cywolatch     0x90100000        0x4 .\CortexM3\ARM_GCC_541\Debug\cymetadata.o
                0x90100000                cy_meta_wonvl

.cyeeprom       0x90200000        0x0
 *(.cyeeprom)
                0x00000001                ASSERT ((. <= ((0x90200000 + ee_offset) + ee_size)), .cyeeprom data will not fit in EEPROM)

.cyflashprotect
                0x90400000      0x100
 *(.cyflashprotect)
 .cyflashprotect
                0x90400000      0x100 .\CortexM3\ARM_GCC_541\Debug\cymetadata.o
                0x90400000                cy_meta_flashprotect

.cymeta         0x90500000        0xc
 *(.cymeta)
 .cymeta        0x90500000        0xc .\CortexM3\ARM_GCC_541\Debug\cymetadata.o
                0x90500000                cy_metadata

.rel.dyn        0x00000a58        0x0 load address 0x9050000c
 .rel.iplt      0x00000a58        0x0 c:/program files (x86)/cypress/psoc creator/4.3/psoc creator/import/gnu/arm/5.4.1/bin/../lib/gcc/arm-none-eabi/5.4.1/armv7-m/crtbegin.o

.stab
 *(.stab)

.stabstr
 *(.stabstr)

.debug
 *(.debug)

.line
 *(.line)

.debug_srcinfo
 *(.debug_srcinfo)

.debug_sfnames
 *(.debug_sfnames)

.debug_aranges  0x00000000      0xf68
 *(.debug_aranges)
 .debug_aranges
                0x00000000       0x20 .\CortexM3\ARM_GCC_541\Debug\main.o
 .debug_aranges
                0x00000020       0x48 .\CortexM3\ARM_GCC_541\Debug\motorStyring.o
 .debug_aranges
                0x00000068       0x28 .\CortexM3\ARM_GCC_541\Debug\Scale.o
 .debug_aranges
                0x00000090       0x48 .\CortexM3\ARM_GCC_541\Debug\colorSensor.o
 .debug_aranges
                0x000000d8       0x28 .\CortexM3\ARM_GCC_541\Debug\i2cKommunikation.o
 .debug_aranges
                0x00000100       0x30 .\CortexM3\ARM_GCC_541\Debug\Afstandssensor.o
 .debug_aranges
                0x00000130       0x58 .\CortexM3\ARM_GCC_541\Debug\cyfitter_cfg.o
 .debug_aranges
                0x00000188       0x18 .\CortexM3\ARM_GCC_541\Debug\cymetadata.o
 .debug_aranges
                0x000001a0       0x48 .\CortexM3\ARM_GCC_541\Debug\Cm3Start.o
 .debug_aranges
                0x000001e8       0x38 .\CortexM3\ARM_GCC_541\Debug\Main.a(in1.o)
 .debug_aranges
                0x00000220       0x98 .\CortexM3\ARM_GCC_541\Debug\Main.a(PWM1.o)
 .debug_aranges
                0x000002b8       0xa8 .\CortexM3\ARM_GCC_541\Debug\Main.a(ADC_SAR_1.o)
 .debug_aranges
                0x00000360       0x20 .\CortexM3\ARM_GCC_541\Debug\Main.a(ADC_SAR_1_INT.o)
 .debug_aranges
                0x00000380       0x28 .\CortexM3\ARM_GCC_541\Debug\Main.a(Control_Reg.o)
 .debug_aranges
                0x000003a8       0x80 .\CortexM3\ARM_GCC_541\Debug\Main.a(Counter_INT.o)
 .debug_aranges
                0x00000428       0x98 .\CortexM3\ARM_GCC_541\Debug\Main.a(Counter.o)
 .debug_aranges
                0x000004c0       0x90 .\CortexM3\ARM_GCC_541\Debug\Main.a(Timer.o)
 .debug_aranges
                0x00000550       0x80 .\CortexM3\ARM_GCC_541\Debug\Main.a(Timer_INT.o)
 .debug_aranges
                0x000005d0       0x38 .\CortexM3\ARM_GCC_541\Debug\Main.a(in2.o)
 .debug_aranges
                0x00000608       0x98 .\CortexM3\ARM_GCC_541\Debug\Main.a(PWM2.o)
 .debug_aranges
                0x000006a0       0x38 .\CortexM3\ARM_GCC_541\Debug\Main.a(in3.o)
 .debug_aranges
                0x000006d8       0x38 .\CortexM3\ARM_GCC_541\Debug\Main.a(in4.o)
 .debug_aranges
                0x00000710       0x38 .\CortexM3\ARM_GCC_541\Debug\Main.a(S0.o)
 .debug_aranges
                0x00000748       0x38 .\CortexM3\ARM_GCC_541\Debug\Main.a(S1.o)
 .debug_aranges
                0x00000780       0x38 .\CortexM3\ARM_GCC_541\Debug\Main.a(S2.o)
 .debug_aranges
                0x000007b8       0x38 .\CortexM3\ARM_GCC_541\Debug\Main.a(S3.o)
 .debug_aranges
                0x000007f0       0x38 .\CortexM3\ARM_GCC_541\Debug\Main.a(OE.o)
 .debug_aranges
                0x00000828       0x80 .\CortexM3\ARM_GCC_541\Debug\Main.a(ADC_SAR_1_theACLK.o)
 .debug_aranges
                0x000008a8      0x2a0 .\CortexM3\ARM_GCC_541\Debug\Main.a(CyLib.o)
 .debug_aranges
                0x00000b48       0x98 .\CortexM3\ARM_GCC_541\Debug\Main.a(cyPm.o)
 .debug_aranges
                0x00000be0       0x68 .\CortexM3\ARM_GCC_541\Debug\Main.a(I2C_SLAVE.o)
 .debug_aranges
                0x00000c48       0x98 .\CortexM3\ARM_GCC_541\Debug\Main.a(PWM_Trigger.o)
 .debug_aranges
                0x00000ce0       0xa8 .\CortexM3\ARM_GCC_541\Debug\Main.a(Timer_1.o)
 .debug_aranges
                0x00000d88       0x80 .\CortexM3\ARM_GCC_541\Debug\Main.a(Timer_int_1.o)
 .debug_aranges
                0x00000e08       0x38 .\CortexM3\ARM_GCC_541\Debug\Main.a(LED.o)
 .debug_aranges
                0x00000e40       0x20 .\CortexM3\ARM_GCC_541\Debug\Main.a(CyBootAsmGnu.o)
 .debug_aranges
                0x00000e60       0x88 .\CortexM3\ARM_GCC_541\Debug\Main.a(CyFlash.o)
 .debug_aranges
                0x00000ee8       0x80 .\CortexM3\ARM_GCC_541\Debug\Main.a(CySpc.o)

.debug_pubnames
 *(.debug_pubnames)

.debug_info     0x00000000     0x755b
 *(.debug_info .gnu.linkonce.wi.*)
 .debug_info    0x00000000      0x14a .\CortexM3\ARM_GCC_541\Debug\main.o
 .debug_info    0x0000014a      0x314 .\CortexM3\ARM_GCC_541\Debug\motorStyring.o
 .debug_info    0x0000045e      0x17d .\CortexM3\ARM_GCC_541\Debug\Scale.o
 .debug_info    0x000005db      0x51a .\CortexM3\ARM_GCC_541\Debug\colorSensor.o
 .debug_info    0x00000af5      0x17e .\CortexM3\ARM_GCC_541\Debug\i2cKommunikation.o
 .debug_info    0x00000c73      0x17b .\CortexM3\ARM_GCC_541\Debug\Afstandssensor.o
 .debug_info    0x00000dee      0x538 .\CortexM3\ARM_GCC_541\Debug\cyfitter_cfg.o
 .debug_info    0x00001326      0x139 .\CortexM3\ARM_GCC_541\Debug\cymetadata.o
 .debug_info    0x0000145f      0x3bb .\CortexM3\ARM_GCC_541\Debug\Cm3Start.o
 .debug_info    0x0000181a      0x11f .\CortexM3\ARM_GCC_541\Debug\Main.a(in1.o)
 .debug_info    0x00001939      0x334 .\CortexM3\ARM_GCC_541\Debug\Main.a(PWM1.o)
 .debug_info    0x00001c6d      0x5c0 .\CortexM3\ARM_GCC_541\Debug\Main.a(ADC_SAR_1.o)
 .debug_info    0x0000222d       0x92 .\CortexM3\ARM_GCC_541\Debug\Main.a(ADC_SAR_1_INT.o)
 .debug_info    0x000022bf       0xd6 .\CortexM3\ARM_GCC_541\Debug\Main.a(Control_Reg.o)
 .debug_info    0x00002395      0x2d2 .\CortexM3\ARM_GCC_541\Debug\Main.a(Counter_INT.o)
 .debug_info    0x00002667      0x345 .\CortexM3\ARM_GCC_541\Debug\Main.a(Counter.o)
 .debug_info    0x000029ac      0x2f0 .\CortexM3\ARM_GCC_541\Debug\Main.a(Timer.o)
 .debug_info    0x00002c9c      0x2d2 .\CortexM3\ARM_GCC_541\Debug\Main.a(Timer_INT.o)
 .debug_info    0x00002f6e      0x11f .\CortexM3\ARM_GCC_541\Debug\Main.a(in2.o)
 .debug_info    0x0000308d      0x334 .\CortexM3\ARM_GCC_541\Debug\Main.a(PWM2.o)
 .debug_info    0x000033c1      0x11f .\CortexM3\ARM_GCC_541\Debug\Main.a(in3.o)
 .debug_info    0x000034e0      0x11f .\CortexM3\ARM_GCC_541\Debug\Main.a(in4.o)
 .debug_info    0x000035ff      0x11f .\CortexM3\ARM_GCC_541\Debug\Main.a(S0.o)
 .debug_info    0x0000371e      0x11f .\CortexM3\ARM_GCC_541\Debug\Main.a(S1.o)
 .debug_info    0x0000383d      0x11f .\CortexM3\ARM_GCC_541\Debug\Main.a(S2.o)
 .debug_info    0x0000395c      0x11f .\CortexM3\ARM_GCC_541\Debug\Main.a(S3.o)
 .debug_info    0x00003a7b      0x11f .\CortexM3\ARM_GCC_541\Debug\Main.a(OE.o)
 .debug_info    0x00003b9a      0x2c4 .\CortexM3\ARM_GCC_541\Debug\Main.a(ADC_SAR_1_theACLK.o)
 .debug_info    0x00003e5e     0x1374 .\CortexM3\ARM_GCC_541\Debug\Main.a(CyLib.o)
 .debug_info    0x000051d2      0xa2a .\CortexM3\ARM_GCC_541\Debug\Main.a(cyPm.o)
 .debug_info    0x00005bfc      0x290 .\CortexM3\ARM_GCC_541\Debug\Main.a(I2C_SLAVE.o)
 .debug_info    0x00005e8c      0x352 .\CortexM3\ARM_GCC_541\Debug\Main.a(PWM_Trigger.o)
 .debug_info    0x000061de      0x355 .\CortexM3\ARM_GCC_541\Debug\Main.a(Timer_1.o)
 .debug_info    0x00006533      0x2d2 .\CortexM3\ARM_GCC_541\Debug\Main.a(Timer_int_1.o)
 .debug_info    0x00006805      0x11f .\CortexM3\ARM_GCC_541\Debug\Main.a(LED.o)
 .debug_info    0x00006924       0x9a .\CortexM3\ARM_GCC_541\Debug\Main.a(CyBootAsmGnu.o)
 .debug_info    0x000069be      0x64d .\CortexM3\ARM_GCC_541\Debug\Main.a(CyFlash.o)
 .debug_info    0x0000700b      0x550 .\CortexM3\ARM_GCC_541\Debug\Main.a(CySpc.o)

.debug_abbrev   0x00000000     0x268c
 *(.debug_abbrev)
 .debug_abbrev  0x00000000       0xbf .\CortexM3\ARM_GCC_541\Debug\main.o
 .debug_abbrev  0x000000bf       0xa7 .\CortexM3\ARM_GCC_541\Debug\motorStyring.o
 .debug_abbrev  0x00000166       0xdd .\CortexM3\ARM_GCC_541\Debug\Scale.o
 .debug_abbrev  0x00000243      0x14d .\CortexM3\ARM_GCC_541\Debug\colorSensor.o
 .debug_abbrev  0x00000390       0xdc .\CortexM3\ARM_GCC_541\Debug\i2cKommunikation.o
 .debug_abbrev  0x0000046c       0xdf .\CortexM3\ARM_GCC_541\Debug\Afstandssensor.o
 .debug_abbrev  0x0000054b      0x1fe .\CortexM3\ARM_GCC_541\Debug\cyfitter_cfg.o
 .debug_abbrev  0x00000749       0x77 .\CortexM3\ARM_GCC_541\Debug\cymetadata.o
 .debug_abbrev  0x000007c0      0x1e8 .\CortexM3\ARM_GCC_541\Debug\Cm3Start.o
 .debug_abbrev  0x000009a8       0x90 .\CortexM3\ARM_GCC_541\Debug\Main.a(in1.o)
 .debug_abbrev  0x00000a38      0x133 .\CortexM3\ARM_GCC_541\Debug\Main.a(PWM1.o)
 .debug_abbrev  0x00000b6b      0x1ac .\CortexM3\ARM_GCC_541\Debug\Main.a(ADC_SAR_1.o)
 .debug_abbrev  0x00000d17       0x42 .\CortexM3\ARM_GCC_541\Debug\Main.a(ADC_SAR_1_INT.o)
 .debug_abbrev  0x00000d59       0x81 .\CortexM3\ARM_GCC_541\Debug\Main.a(Control_Reg.o)
 .debug_abbrev  0x00000dda      0x173 .\CortexM3\ARM_GCC_541\Debug\Main.a(Counter_INT.o)
 .debug_abbrev  0x00000f4d      0x117 .\CortexM3\ARM_GCC_541\Debug\Main.a(Counter.o)
 .debug_abbrev  0x00001064      0x12b .\CortexM3\ARM_GCC_541\Debug\Main.a(Timer.o)
 .debug_abbrev  0x0000118f      0x173 .\CortexM3\ARM_GCC_541\Debug\Main.a(Timer_INT.o)
 .debug_abbrev  0x00001302       0x90 .\CortexM3\ARM_GCC_541\Debug\Main.a(in2.o)
 .debug_abbrev  0x00001392      0x133 .\CortexM3\ARM_GCC_541\Debug\Main.a(PWM2.o)
 .debug_abbrev  0x000014c5       0x90 .\CortexM3\ARM_GCC_541\Debug\Main.a(in3.o)
 .debug_abbrev  0x00001555       0x90 .\CortexM3\ARM_GCC_541\Debug\Main.a(in4.o)
 .debug_abbrev  0x000015e5       0x90 .\CortexM3\ARM_GCC_541\Debug\Main.a(S0.o)
 .debug_abbrev  0x00001675       0x90 .\CortexM3\ARM_GCC_541\Debug\Main.a(S1.o)
 .debug_abbrev  0x00001705       0x90 .\CortexM3\ARM_GCC_541\Debug\Main.a(S2.o)
 .debug_abbrev  0x00001795       0x90 .\CortexM3\ARM_GCC_541\Debug\Main.a(S3.o)
 .debug_abbrev  0x00001825       0x90 .\CortexM3\ARM_GCC_541\Debug\Main.a(OE.o)
 .debug_abbrev  0x000018b5      0x121 .\CortexM3\ARM_GCC_541\Debug\Main.a(ADC_SAR_1_theACLK.o)
 .debug_abbrev  0x000019d6      0x254 .\CortexM3\ARM_GCC_541\Debug\Main.a(CyLib.o)
 .debug_abbrev  0x00001c2a      0x1ab .\CortexM3\ARM_GCC_541\Debug\Main.a(cyPm.o)
 .debug_abbrev  0x00001dd5       0xf8 .\CortexM3\ARM_GCC_541\Debug\Main.a(I2C_SLAVE.o)
 .debug_abbrev  0x00001ecd      0x133 .\CortexM3\ARM_GCC_541\Debug\Main.a(PWM_Trigger.o)
 .debug_abbrev  0x00002000      0x13a .\CortexM3\ARM_GCC_541\Debug\Main.a(Timer_1.o)
 .debug_abbrev  0x0000213a      0x173 .\CortexM3\ARM_GCC_541\Debug\Main.a(Timer_int_1.o)
 .debug_abbrev  0x000022ad       0x90 .\CortexM3\ARM_GCC_541\Debug\Main.a(LED.o)
 .debug_abbrev  0x0000233d       0x14 .\CortexM3\ARM_GCC_541\Debug\Main.a(CyBootAsmGnu.o)
 .debug_abbrev  0x00002351      0x1a7 .\CortexM3\ARM_GCC_541\Debug\Main.a(CyFlash.o)
 .debug_abbrev  0x000024f8      0x194 .\CortexM3\ARM_GCC_541\Debug\Main.a(CySpc.o)

.debug_line     0x00000000     0x38ac
 *(.debug_line)
 .debug_line    0x00000000      0x192 .\CortexM3\ARM_GCC_541\Debug\main.o
 .debug_line    0x00000192      0x1fe .\CortexM3\ARM_GCC_541\Debug\motorStyring.o
 .debug_line    0x00000390      0x17d .\CortexM3\ARM_GCC_541\Debug\Scale.o
 .debug_line    0x0000050d      0x289 .\CortexM3\ARM_GCC_541\Debug\colorSensor.o
 .debug_line    0x00000796      0x196 .\CortexM3\ARM_GCC_541\Debug\i2cKommunikation.o
 .debug_line    0x0000092c      0x1b5 .\CortexM3\ARM_GCC_541\Debug\Afstandssensor.o
 .debug_line    0x00000ae1      0x1ec .\CortexM3\ARM_GCC_541\Debug\cyfitter_cfg.o
 .debug_line    0x00000ccd      0x141 .\CortexM3\ARM_GCC_541\Debug\cymetadata.o
 .debug_line    0x00000e0e      0x234 .\CortexM3\ARM_GCC_541\Debug\Cm3Start.o
 .debug_line    0x00001042       0x90 .\CortexM3\ARM_GCC_541\Debug\Main.a(in1.o)
 .debug_line    0x000010d2      0x184 .\CortexM3\ARM_GCC_541\Debug\Main.a(PWM1.o)
 .debug_line    0x00001256      0x21e .\CortexM3\ARM_GCC_541\Debug\Main.a(ADC_SAR_1.o)
 .debug_line    0x00001474       0x56 .\CortexM3\ARM_GCC_541\Debug\Main.a(ADC_SAR_1_INT.o)
 .debug_line    0x000014ca       0x73 .\CortexM3\ARM_GCC_541\Debug\Main.a(Control_Reg.o)
 .debug_line    0x0000153d      0x138 .\CortexM3\ARM_GCC_541\Debug\Main.a(Counter_INT.o)
 .debug_line    0x00001675      0x187 .\CortexM3\ARM_GCC_541\Debug\Main.a(Counter.o)
 .debug_line    0x000017fc      0x170 .\CortexM3\ARM_GCC_541\Debug\Main.a(Timer.o)
 .debug_line    0x0000196c      0x136 .\CortexM3\ARM_GCC_541\Debug\Main.a(Timer_INT.o)
 .debug_line    0x00001aa2       0x90 .\CortexM3\ARM_GCC_541\Debug\Main.a(in2.o)
 .debug_line    0x00001b32      0x184 .\CortexM3\ARM_GCC_541\Debug\Main.a(PWM2.o)
 .debug_line    0x00001cb6       0x90 .\CortexM3\ARM_GCC_541\Debug\Main.a(in3.o)
 .debug_line    0x00001d46       0x90 .\CortexM3\ARM_GCC_541\Debug\Main.a(in4.o)
 .debug_line    0x00001dd6       0x8f .\CortexM3\ARM_GCC_541\Debug\Main.a(S0.o)
 .debug_line    0x00001e65       0x8f .\CortexM3\ARM_GCC_541\Debug\Main.a(S1.o)
 .debug_line    0x00001ef4       0x8f .\CortexM3\ARM_GCC_541\Debug\Main.a(S2.o)
 .debug_line    0x00001f83       0x8f .\CortexM3\ARM_GCC_541\Debug\Main.a(S3.o)
 .debug_line    0x00002012       0x8f .\CortexM3\ARM_GCC_541\Debug\Main.a(OE.o)
 .debug_line    0x000020a1      0x1a3 .\CortexM3\ARM_GCC_541\Debug\Main.a(ADC_SAR_1_theACLK.o)
 .debug_line    0x00002244      0x816 .\CortexM3\ARM_GCC_541\Debug\Main.a(CyLib.o)
 .debug_line    0x00002a5a      0x367 .\CortexM3\ARM_GCC_541\Debug\Main.a(cyPm.o)
 .debug_line    0x00002dc1      0x10e .\CortexM3\ARM_GCC_541\Debug\Main.a(I2C_SLAVE.o)
 .debug_line    0x00002ecf      0x18e .\CortexM3\ARM_GCC_541\Debug\Main.a(PWM_Trigger.o)
 .debug_line    0x0000305d      0x1a7 .\CortexM3\ARM_GCC_541\Debug\Main.a(Timer_1.o)
 .debug_line    0x00003204      0x138 .\CortexM3\ARM_GCC_541\Debug\Main.a(Timer_int_1.o)
 .debug_line    0x0000333c       0x90 .\CortexM3\ARM_GCC_541\Debug\Main.a(LED.o)
 .debug_line    0x000033cc       0x66 .\CortexM3\ARM_GCC_541\Debug\Main.a(CyBootAsmGnu.o)
 .debug_line    0x00003432      0x21a .\CortexM3\ARM_GCC_541\Debug\Main.a(CyFlash.o)
 .debug_line    0x0000364c      0x260 .\CortexM3\ARM_GCC_541\Debug\Main.a(CySpc.o)

.debug_frame    0x00000000     0x22c4
 *(.debug_frame)
 .debug_frame   0x00000000       0x2c .\CortexM3\ARM_GCC_541\Debug\main.o
 .debug_frame   0x0000002c       0xb8 .\CortexM3\ARM_GCC_541\Debug\motorStyring.o
 .debug_frame   0x000000e4       0x48 .\CortexM3\ARM_GCC_541\Debug\Scale.o
 .debug_frame   0x0000012c       0xbc .\CortexM3\ARM_GCC_541\Debug\colorSensor.o
 .debug_frame   0x000001e8       0x3c .\CortexM3\ARM_GCC_541\Debug\i2cKommunikation.o
 .debug_frame   0x00000224       0x64 .\CortexM3\ARM_GCC_541\Debug\Afstandssensor.o
 .debug_frame   0x00000288       0xe4 .\CortexM3\ARM_GCC_541\Debug\cyfitter_cfg.o
 .debug_frame   0x0000036c       0xb8 .\CortexM3\ARM_GCC_541\Debug\Cm3Start.o
 .debug_frame   0x00000424       0x50 .\CortexM3\ARM_GCC_541\Debug\Main.a(in1.o)
 .debug_frame   0x00000474      0x134 .\CortexM3\ARM_GCC_541\Debug\Main.a(PWM1.o)
 .debug_frame   0x000005a8      0x1b0 .\CortexM3\ARM_GCC_541\Debug\Main.a(ADC_SAR_1.o)
 .debug_frame   0x00000758       0x20 .\CortexM3\ARM_GCC_541\Debug\Main.a(ADC_SAR_1_INT.o)
 .debug_frame   0x00000778       0x30 .\CortexM3\ARM_GCC_541\Debug\Main.a(Control_Reg.o)
 .debug_frame   0x000007a8      0x104 .\CortexM3\ARM_GCC_541\Debug\Main.a(Counter_INT.o)
 .debug_frame   0x000008ac      0x134 .\CortexM3\ARM_GCC_541\Debug\Main.a(Counter.o)
 .debug_frame   0x000009e0      0x124 .\CortexM3\ARM_GCC_541\Debug\Main.a(Timer.o)
 .debug_frame   0x00000b04      0x104 .\CortexM3\ARM_GCC_541\Debug\Main.a(Timer_INT.o)
 .debug_frame   0x00000c08       0x50 .\CortexM3\ARM_GCC_541\Debug\Main.a(in2.o)
 .debug_frame   0x00000c58      0x134 .\CortexM3\ARM_GCC_541\Debug\Main.a(PWM2.o)
 .debug_frame   0x00000d8c       0x50 .\CortexM3\ARM_GCC_541\Debug\Main.a(in3.o)
 .debug_frame   0x00000ddc       0x50 .\CortexM3\ARM_GCC_541\Debug\Main.a(in4.o)
 .debug_frame   0x00000e2c       0x50 .\CortexM3\ARM_GCC_541\Debug\Main.a(S0.o)
 .debug_frame   0x00000e7c       0x50 .\CortexM3\ARM_GCC_541\Debug\Main.a(S1.o)
 .debug_frame   0x00000ecc       0x50 .\CortexM3\ARM_GCC_541\Debug\Main.a(S2.o)
 .debug_frame   0x00000f1c       0x50 .\CortexM3\ARM_GCC_541\Debug\Main.a(S3.o)
 .debug_frame   0x00000f6c       0x50 .\CortexM3\ARM_GCC_541\Debug\Main.a(OE.o)
 .debug_frame   0x00000fbc      0x100 .\CortexM3\ARM_GCC_541\Debug\Main.a(ADC_SAR_1_theACLK.o)
 .debug_frame   0x000010bc      0x738 .\CortexM3\ARM_GCC_541\Debug\Main.a(CyLib.o)
 .debug_frame   0x000017f4      0x1f8 .\CortexM3\ARM_GCC_541\Debug\Main.a(cyPm.o)
 .debug_frame   0x000019ec       0xb0 .\CortexM3\ARM_GCC_541\Debug\Main.a(I2C_SLAVE.o)
 .debug_frame   0x00001a9c      0x134 .\CortexM3\ARM_GCC_541\Debug\Main.a(PWM_Trigger.o)
 .debug_frame   0x00001bd0      0x154 .\CortexM3\ARM_GCC_541\Debug\Main.a(Timer_1.o)
 .debug_frame   0x00001d24      0x104 .\CortexM3\ARM_GCC_541\Debug\Main.a(Timer_int_1.o)
 .debug_frame   0x00001e28       0x50 .\CortexM3\ARM_GCC_541\Debug\Main.a(LED.o)
 .debug_frame   0x00001e78      0x194 .\CortexM3\ARM_GCC_541\Debug\Main.a(CyFlash.o)
 .debug_frame   0x0000200c      0x180 .\CortexM3\ARM_GCC_541\Debug\Main.a(CySpc.o)
 .debug_frame   0x0000218c       0x44 c:/program files (x86)/cypress/psoc creator/4.3/psoc creator/import/gnu/arm/5.4.1/bin/../lib/gcc/arm-none-eabi/5.4.1/armv7-m\libgcc.a(_aeabi_ldivmod.o)
 .debug_frame   0x000021d0       0x38 c:/program files (x86)/cypress/psoc creator/4.3/psoc creator/import/gnu/arm/5.4.1/bin/../lib/gcc/arm-none-eabi/5.4.1/armv7-m\libgcc.a(_udivmoddi4.o)
 .debug_frame   0x00002208       0x20 c:/program files (x86)/cypress/psoc creator/4.3/psoc creator/import/gnu/arm/5.4.1/bin/../lib/gcc/arm-none-eabi/5.4.1/../../../../arm-none-eabi/lib/armv7-m\libg_nano.a(lib_a-errno.o)
 .debug_frame   0x00002228       0x28 c:/program files (x86)/cypress/psoc creator/4.3/psoc creator/import/gnu/arm/5.4.1/bin/../lib/gcc/arm-none-eabi/5.4.1/../../../../arm-none-eabi/lib/armv7-m\libg_nano.a(lib_a-exit.o)
 .debug_frame   0x00002250       0x2c c:/program files (x86)/cypress/psoc creator/4.3/psoc creator/import/gnu/arm/5.4.1/bin/../lib/gcc/arm-none-eabi/5.4.1/../../../../arm-none-eabi/lib/armv7-m\libg_nano.a(lib_a-init.o)
 .debug_frame   0x0000227c       0x28 c:/program files (x86)/cypress/psoc creator/4.3/psoc creator/import/gnu/arm/5.4.1/bin/../lib/gcc/arm-none-eabi/5.4.1/../../../../arm-none-eabi/lib/armv7-m\libg_nano.a(lib_a-memcpy-stub.o)
 .debug_frame   0x000022a4       0x20 c:/program files (x86)/cypress/psoc creator/4.3/psoc creator/import/gnu/arm/5.4.1/bin/../lib/gcc/arm-none-eabi/5.4.1/../../../../arm-none-eabi/lib/armv7-m\libg_nano.a(lib_a-memset.o)

.debug_str      0x00000000     0x2af8
 *(.debug_str)
 .debug_str     0x00000000      0x19f .\CortexM3\ARM_GCC_541\Debug\main.o
                                0x1e7 (size before relaxing)
 .debug_str     0x0000019f       0xb2 .\CortexM3\ARM_GCC_541\Debug\motorStyring.o
                                0x26d (size before relaxing)
 .debug_str     0x00000251       0x86 .\CortexM3\ARM_GCC_541\Debug\Scale.o
                                0x233 (size before relaxing)
 .debug_str     0x000002d7      0x18a .\CortexM3\ARM_GCC_541\Debug\colorSensor.o
                                0x342 (size before relaxing)
 .debug_str     0x00000461       0x9c .\CortexM3\ARM_GCC_541\Debug\i2cKommunikation.o
                                0x240 (size before relaxing)
 .debug_str     0x000004fd       0x86 .\CortexM3\ARM_GCC_541\Debug\Afstandssensor.o
                                0x240 (size before relaxing)
 .debug_str     0x00000583      0x17a .\CortexM3\ARM_GCC_541\Debug\cyfitter_cfg.o
                                0x319 (size before relaxing)
 .debug_str     0x000006fd       0x7f .\CortexM3\ARM_GCC_541\Debug\cymetadata.o
                                0x1ee (size before relaxing)
 .debug_str     0x0000077c      0x13f .\CortexM3\ARM_GCC_541\Debug\Cm3Start.o
                                0x314 (size before relaxing)
 .debug_str     0x000008bb       0x57 .\CortexM3\ARM_GCC_541\Debug\Main.a(in1.o)
                                0x1e2 (size before relaxing)
 .debug_str     0x00000912      0x18a .\CortexM3\ARM_GCC_541\Debug\Main.a(PWM1.o)
                                0x348 (size before relaxing)
 .debug_str     0x00000a9c      0x255 .\CortexM3\ARM_GCC_541\Debug\Main.a(ADC_SAR_1.o)
                                0x4c7 (size before relaxing)
 .debug_str     0x00000cf1       0x35 .\CortexM3\ARM_GCC_541\Debug\Main.a(ADC_SAR_1_INT.o)
                                0x1a5 (size before relaxing)
 .debug_str     0x00000d26       0x36 .\CortexM3\ARM_GCC_541\Debug\Main.a(Control_Reg.o)
                                0x1cb (size before relaxing)
 .debug_str     0x00000d5c      0x125 .\CortexM3\ARM_GCC_541\Debug\Main.a(Counter_INT.o)
                                0x304 (size before relaxing)
 .debug_str     0x00000e81      0x16b .\CortexM3\ARM_GCC_541\Debug\Main.a(Counter.o)
                                0x388 (size before relaxing)
 .debug_str     0x00000fec      0x13f .\CortexM3\ARM_GCC_541\Debug\Main.a(Timer.o)
                                0x345 (size before relaxing)
 .debug_str     0x0000112b       0xf5 .\CortexM3\ARM_GCC_541\Debug\Main.a(Timer_INT.o)
                                0x2e8 (size before relaxing)
 .debug_str     0x00001220       0x47 .\CortexM3\ARM_GCC_541\Debug\Main.a(in2.o)
                                0x1e2 (size before relaxing)
 .debug_str     0x00001267      0x12b .\CortexM3\ARM_GCC_541\Debug\Main.a(PWM2.o)
                                0x348 (size before relaxing)
 .debug_str     0x00001392       0x47 .\CortexM3\ARM_GCC_541\Debug\Main.a(in3.o)
                                0x1e2 (size before relaxing)
 .debug_str     0x000013d9       0x47 .\CortexM3\ARM_GCC_541\Debug\Main.a(in4.o)
                                0x1e2 (size before relaxing)
 .debug_str     0x00001420       0x43 .\CortexM3\ARM_GCC_541\Debug\Main.a(S0.o)
                                0x1dd (size before relaxing)
 .debug_str     0x00001463       0x43 .\CortexM3\ARM_GCC_541\Debug\Main.a(S1.o)
                                0x1dd (size before relaxing)
 .debug_str     0x000014a6       0x43 .\CortexM3\ARM_GCC_541\Debug\Main.a(S2.o)
                                0x1dd (size before relaxing)
 .debug_str     0x000014e9       0x43 .\CortexM3\ARM_GCC_541\Debug\Main.a(S3.o)
                                0x1dd (size before relaxing)
 .debug_str     0x0000152c       0x43 .\CortexM3\ARM_GCC_541\Debug\Main.a(OE.o)
                                0x1dd (size before relaxing)
 .debug_str     0x0000156f      0x20d .\CortexM3\ARM_GCC_541\Debug\Main.a(ADC_SAR_1_theACLK.o)
                                0x3bf (size before relaxing)
 .debug_str     0x0000177c      0x7be .\CortexM3\ARM_GCC_541\Debug\Main.a(CyLib.o)
                                0xa51 (size before relaxing)
 .debug_str     0x00001f3a      0x365 .\CortexM3\ARM_GCC_541\Debug\Main.a(cyPm.o)
                                0x73d (size before relaxing)
 .debug_str     0x0000229f      0x124 .\CortexM3\ARM_GCC_541\Debug\Main.a(I2C_SLAVE.o)
                                0x330 (size before relaxing)
 .debug_str     0x000023c3      0x1c5 .\CortexM3\ARM_GCC_541\Debug\Main.a(PWM_Trigger.o)
                                0x3da (size before relaxing)
 .debug_str     0x00002588      0x19c .\CortexM3\ARM_GCC_541\Debug\Main.a(Timer_1.o)
                                0x3bf (size before relaxing)
 .debug_str     0x00002724      0x126 .\CortexM3\ARM_GCC_541\Debug\Main.a(Timer_int_1.o)
                                0x304 (size before relaxing)
 .debug_str     0x0000284a       0x47 .\CortexM3\ARM_GCC_541\Debug\Main.a(LED.o)
                                0x1e2 (size before relaxing)
 .debug_str     0x00002891      0x1bb .\CortexM3\ARM_GCC_541\Debug\Main.a(CyFlash.o)
                                0x3ca (size before relaxing)
 .debug_str     0x00002a4c       0xac .\CortexM3\ARM_GCC_541\Debug\Main.a(CySpc.o)
                                0x342 (size before relaxing)

.debug_loc      0x00000000     0x23f9
 *(.debug_loc)
 .debug_loc     0x00000000       0x26 .\CortexM3\ARM_GCC_541\Debug\Scale.o
 .debug_loc     0x00000026       0x87 .\CortexM3\ARM_GCC_541\Debug\colorSensor.o
 .debug_loc     0x000000ad      0x1d7 .\CortexM3\ARM_GCC_541\Debug\cyfitter_cfg.o
 .debug_loc     0x00000284      0x144 .\CortexM3\ARM_GCC_541\Debug\Cm3Start.o
 .debug_loc     0x000003c8       0x42 .\CortexM3\ARM_GCC_541\Debug\Main.a(in1.o)
 .debug_loc     0x0000040a       0x26 .\CortexM3\ARM_GCC_541\Debug\Main.a(PWM1.o)
 .debug_loc     0x00000430      0x295 .\CortexM3\ARM_GCC_541\Debug\Main.a(ADC_SAR_1.o)
 .debug_loc     0x000006c5       0x56 .\CortexM3\ARM_GCC_541\Debug\Main.a(Counter_INT.o)
 .debug_loc     0x0000071b       0x31 .\CortexM3\ARM_GCC_541\Debug\Main.a(Counter.o)
 .debug_loc     0x0000074c       0x13 .\CortexM3\ARM_GCC_541\Debug\Main.a(Timer.o)
 .debug_loc     0x0000075f       0x56 .\CortexM3\ARM_GCC_541\Debug\Main.a(Timer_INT.o)
 .debug_loc     0x000007b5       0x42 .\CortexM3\ARM_GCC_541\Debug\Main.a(in2.o)
 .debug_loc     0x000007f7       0x26 .\CortexM3\ARM_GCC_541\Debug\Main.a(PWM2.o)
 .debug_loc     0x0000081d       0x42 .\CortexM3\ARM_GCC_541\Debug\Main.a(in3.o)
 .debug_loc     0x0000085f       0x42 .\CortexM3\ARM_GCC_541\Debug\Main.a(in4.o)
 .debug_loc     0x000008a1       0x42 .\CortexM3\ARM_GCC_541\Debug\Main.a(S0.o)
 .debug_loc     0x000008e3       0x42 .\CortexM3\ARM_GCC_541\Debug\Main.a(S1.o)
 .debug_loc     0x00000925       0x42 .\CortexM3\ARM_GCC_541\Debug\Main.a(S2.o)
 .debug_loc     0x00000967       0x42 .\CortexM3\ARM_GCC_541\Debug\Main.a(S3.o)
 .debug_loc     0x000009a9       0x42 .\CortexM3\ARM_GCC_541\Debug\Main.a(OE.o)
 .debug_loc     0x000009eb      0x14d .\CortexM3\ARM_GCC_541\Debug\Main.a(ADC_SAR_1_theACLK.o)
 .debug_loc     0x00000b38      0xa11 .\CortexM3\ARM_GCC_541\Debug\Main.a(CyLib.o)
 .debug_loc     0x00001549      0x1e4 .\CortexM3\ARM_GCC_541\Debug\Main.a(cyPm.o)
 .debug_loc     0x0000172d      0x126 .\CortexM3\ARM_GCC_541\Debug\Main.a(I2C_SLAVE.o)
 .debug_loc     0x00001853       0x26 .\CortexM3\ARM_GCC_541\Debug\Main.a(PWM_Trigger.o)
 .debug_loc     0x00001879       0x31 .\CortexM3\ARM_GCC_541\Debug\Main.a(Timer_1.o)
 .debug_loc     0x000018aa       0x56 .\CortexM3\ARM_GCC_541\Debug\Main.a(Timer_int_1.o)
 .debug_loc     0x00001900       0x42 .\CortexM3\ARM_GCC_541\Debug\Main.a(LED.o)
 .debug_loc     0x00001942      0x3b2 .\CortexM3\ARM_GCC_541\Debug\Main.a(CyFlash.o)
 .debug_loc     0x00001cf4      0x705 .\CortexM3\ARM_GCC_541\Debug\Main.a(CySpc.o)

.debug_macinfo
 *(.debug_macinfo)

.debug_ranges   0x00000000      0xcf0
 *(.debug_ranges)
 .debug_ranges  0x00000000       0x10 .\CortexM3\ARM_GCC_541\Debug\main.o
 .debug_ranges  0x00000010       0x38 .\CortexM3\ARM_GCC_541\Debug\motorStyring.o
 .debug_ranges  0x00000048       0x18 .\CortexM3\ARM_GCC_541\Debug\Scale.o
 .debug_ranges  0x00000060       0x38 .\CortexM3\ARM_GCC_541\Debug\colorSensor.o
 .debug_ranges  0x00000098       0x18 .\CortexM3\ARM_GCC_541\Debug\i2cKommunikation.o
 .debug_ranges  0x000000b0       0x20 .\CortexM3\ARM_GCC_541\Debug\Afstandssensor.o
 .debug_ranges  0x000000d0       0x48 .\CortexM3\ARM_GCC_541\Debug\cyfitter_cfg.o
 .debug_ranges  0x00000118       0x38 .\CortexM3\ARM_GCC_541\Debug\Cm3Start.o
 .debug_ranges  0x00000150       0x28 .\CortexM3\ARM_GCC_541\Debug\Main.a(in1.o)
 .debug_ranges  0x00000178       0x88 .\CortexM3\ARM_GCC_541\Debug\Main.a(PWM1.o)
 .debug_ranges  0x00000200       0x98 .\CortexM3\ARM_GCC_541\Debug\Main.a(ADC_SAR_1.o)
 .debug_ranges  0x00000298       0x10 .\CortexM3\ARM_GCC_541\Debug\Main.a(ADC_SAR_1_INT.o)
 .debug_ranges  0x000002a8       0x18 .\CortexM3\ARM_GCC_541\Debug\Main.a(Control_Reg.o)
 .debug_ranges  0x000002c0       0x70 .\CortexM3\ARM_GCC_541\Debug\Main.a(Counter_INT.o)
 .debug_ranges  0x00000330       0x88 .\CortexM3\ARM_GCC_541\Debug\Main.a(Counter.o)
 .debug_ranges  0x000003b8       0x80 .\CortexM3\ARM_GCC_541\Debug\Main.a(Timer.o)
 .debug_ranges  0x00000438       0x70 .\CortexM3\ARM_GCC_541\Debug\Main.a(Timer_INT.o)
 .debug_ranges  0x000004a8       0x28 .\CortexM3\ARM_GCC_541\Debug\Main.a(in2.o)
 .debug_ranges  0x000004d0       0x88 .\CortexM3\ARM_GCC_541\Debug\Main.a(PWM2.o)
 .debug_ranges  0x00000558       0x28 .\CortexM3\ARM_GCC_541\Debug\Main.a(in3.o)
 .debug_ranges  0x00000580       0x28 .\CortexM3\ARM_GCC_541\Debug\Main.a(in4.o)
 .debug_ranges  0x000005a8       0x28 .\CortexM3\ARM_GCC_541\Debug\Main.a(S0.o)
 .debug_ranges  0x000005d0       0x28 .\CortexM3\ARM_GCC_541\Debug\Main.a(S1.o)
 .debug_ranges  0x000005f8       0x28 .\CortexM3\ARM_GCC_541\Debug\Main.a(S2.o)
 .debug_ranges  0x00000620       0x28 .\CortexM3\ARM_GCC_541\Debug\Main.a(S3.o)
 .debug_ranges  0x00000648       0x28 .\CortexM3\ARM_GCC_541\Debug\Main.a(OE.o)
 .debug_ranges  0x00000670       0x70 .\CortexM3\ARM_GCC_541\Debug\Main.a(ADC_SAR_1_theACLK.o)
 .debug_ranges  0x000006e0      0x290 .\CortexM3\ARM_GCC_541\Debug\Main.a(CyLib.o)
 .debug_ranges  0x00000970       0x88 .\CortexM3\ARM_GCC_541\Debug\Main.a(cyPm.o)
 .debug_ranges  0x000009f8       0x58 .\CortexM3\ARM_GCC_541\Debug\Main.a(I2C_SLAVE.o)
 .debug_ranges  0x00000a50       0x88 .\CortexM3\ARM_GCC_541\Debug\Main.a(PWM_Trigger.o)
 .debug_ranges  0x00000ad8       0x98 .\CortexM3\ARM_GCC_541\Debug\Main.a(Timer_1.o)
 .debug_ranges  0x00000b70       0x70 .\CortexM3\ARM_GCC_541\Debug\Main.a(Timer_int_1.o)
 .debug_ranges  0x00000be0       0x28 .\CortexM3\ARM_GCC_541\Debug\Main.a(LED.o)
 .debug_ranges  0x00000c08       0x78 .\CortexM3\ARM_GCC_541\Debug\Main.a(CyFlash.o)
 .debug_ranges  0x00000c80       0x70 .\CortexM3\ARM_GCC_541\Debug\Main.a(CySpc.o)

.comment        0x00000000       0x6e
 .comment       0x00000000       0x6e .\CortexM3\ARM_GCC_541\Debug\main.o
                                 0x6f (size before relaxing)
 .comment       0x0000006e       0x6f .\CortexM3\ARM_GCC_541\Debug\motorStyring.o
 .comment       0x0000006e       0x6f .\CortexM3\ARM_GCC_541\Debug\Scale.o
 .comment       0x0000006e       0x6f .\CortexM3\ARM_GCC_541\Debug\colorSensor.o
 .comment       0x0000006e       0x6f .\CortexM3\ARM_GCC_541\Debug\i2cKommunikation.o
 .comment       0x0000006e       0x6f .\CortexM3\ARM_GCC_541\Debug\Afstandssensor.o
 .comment       0x0000006e       0x6f .\CortexM3\ARM_GCC_541\Debug\cyfitter_cfg.o
 .comment       0x0000006e       0x6f .\CortexM3\ARM_GCC_541\Debug\cymetadata.o
 .comment       0x0000006e       0x6f .\CortexM3\ARM_GCC_541\Debug\Cm3Start.o
 .comment       0x0000006e       0x6f .\CortexM3\ARM_GCC_541\Debug\Main.a(in1.o)
 .comment       0x0000006e       0x6f .\CortexM3\ARM_GCC_541\Debug\Main.a(PWM1.o)
 .comment       0x0000006e       0x6f .\CortexM3\ARM_GCC_541\Debug\Main.a(ADC_SAR_1.o)
 .comment       0x0000006e       0x6f .\CortexM3\ARM_GCC_541\Debug\Main.a(ADC_SAR_1_INT.o)
 .comment       0x0000006e       0x6f .\CortexM3\ARM_GCC_541\Debug\Main.a(Control_Reg.o)
 .comment       0x0000006e       0x6f .\CortexM3\ARM_GCC_541\Debug\Main.a(Counter_INT.o)
 .comment       0x0000006e       0x6f .\CortexM3\ARM_GCC_541\Debug\Main.a(Counter.o)
 .comment       0x0000006e       0x6f .\CortexM3\ARM_GCC_541\Debug\Main.a(Timer.o)
 .comment       0x0000006e       0x6f .\CortexM3\ARM_GCC_541\Debug\Main.a(Timer_INT.o)
 .comment       0x0000006e       0x6f .\CortexM3\ARM_GCC_541\Debug\Main.a(in2.o)
 .comment       0x0000006e       0x6f .\CortexM3\ARM_GCC_541\Debug\Main.a(PWM2.o)
 .comment       0x0000006e       0x6f .\CortexM3\ARM_GCC_541\Debug\Main.a(in3.o)
 .comment       0x0000006e       0x6f .\CortexM3\ARM_GCC_541\Debug\Main.a(in4.o)
 .comment       0x0000006e       0x6f .\CortexM3\ARM_GCC_541\Debug\Main.a(S0.o)
 .comment       0x0000006e       0x6f .\CortexM3\ARM_GCC_541\Debug\Main.a(S1.o)
 .comment       0x0000006e       0x6f .\CortexM3\ARM_GCC_541\Debug\Main.a(S2.o)
 .comment       0x0000006e       0x6f .\CortexM3\ARM_GCC_541\Debug\Main.a(S3.o)
 .comment       0x0000006e       0x6f .\CortexM3\ARM_GCC_541\Debug\Main.a(OE.o)
 .comment       0x0000006e       0x6f .\CortexM3\ARM_GCC_541\Debug\Main.a(ADC_SAR_1_theACLK.o)
 .comment       0x0000006e       0x6f .\CortexM3\ARM_GCC_541\Debug\Main.a(CyLib.o)
 .comment       0x0000006e       0x6f .\CortexM3\ARM_GCC_541\Debug\Main.a(cyPm.o)
 .comment       0x0000006e       0x6f .\CortexM3\ARM_GCC_541\Debug\Main.a(I2C_SLAVE.o)
 .comment       0x0000006e       0x6f .\CortexM3\ARM_GCC_541\Debug\Main.a(PWM_Trigger.o)
 .comment       0x0000006e       0x6f .\CortexM3\ARM_GCC_541\Debug\Main.a(Timer_1.o)
 .comment       0x0000006e       0x6f .\CortexM3\ARM_GCC_541\Debug\Main.a(Timer_int_1.o)
 .comment       0x0000006e       0x6f .\CortexM3\ARM_GCC_541\Debug\Main.a(LED.o)
 .comment       0x0000006e       0x6f .\CortexM3\ARM_GCC_541\Debug\Main.a(CyFlash.o)
 .comment       0x0000006e       0x6f .\CortexM3\ARM_GCC_541\Debug\Main.a(CySpc.o)

.debug_weaknames
 *(.debug_weaknames)

.debug_funcnames
 *(.debug_funcnames)

.debug_typenames
 *(.debug_typenames)

.debug_varnames
 *(.debug_varnames)

.note.gnu.arm.ident
 *(.note.gnu.arm.ident)

.ARM.attributes
                0x00000000       0x29
 *(.ARM.attributes)
 .ARM.attributes
                0x00000000       0x1d c:/program files (x86)/cypress/psoc creator/4.3/psoc creator/import/gnu/arm/5.4.1/bin/../lib/gcc/arm-none-eabi/5.4.1/armv7-m/crti.o
 .ARM.attributes
                0x0000001d       0x2d c:/program files (x86)/cypress/psoc creator/4.3/psoc creator/import/gnu/arm/5.4.1/bin/../lib/gcc/arm-none-eabi/5.4.1/armv7-m/crtbegin.o
 .ARM.attributes
                0x0000004a       0x1b c:/program files (x86)/cypress/psoc creator/4.3/psoc creator/import/gnu/arm/5.4.1/bin/../lib/gcc/arm-none-eabi/5.4.1/../../../../arm-none-eabi/lib/armv7-m/crt0.o
 .ARM.attributes
                0x00000065       0x33 .\CortexM3\ARM_GCC_541\Debug\main.o
 .ARM.attributes
                0x00000098       0x33 .\CortexM3\ARM_GCC_541\Debug\motorStyring.o
 .ARM.attributes
                0x000000cb       0x33 .\CortexM3\ARM_GCC_541\Debug\Scale.o
 .ARM.attributes
                0x000000fe       0x33 .\CortexM3\ARM_GCC_541\Debug\colorSensor.o
 .ARM.attributes
                0x00000131       0x33 .\CortexM3\ARM_GCC_541\Debug\i2cKommunikation.o
 .ARM.attributes
                0x00000164       0x33 .\CortexM3\ARM_GCC_541\Debug\Afstandssensor.o
 .ARM.attributes
                0x00000197       0x33 .\CortexM3\ARM_GCC_541\Debug\cyfitter_cfg.o
 .ARM.attributes
                0x000001ca       0x33 .\CortexM3\ARM_GCC_541\Debug\cymetadata.o
 .ARM.attributes
                0x000001fd       0x33 .\CortexM3\ARM_GCC_541\Debug\Cm3Start.o
 .ARM.attributes
                0x00000230       0x33 .\CortexM3\ARM_GCC_541\Debug\Main.a(in1.o)
 .ARM.attributes
                0x00000263       0x33 .\CortexM3\ARM_GCC_541\Debug\Main.a(PWM1.o)
 .ARM.attributes
                0x00000296       0x33 .\CortexM3\ARM_GCC_541\Debug\Main.a(ADC_SAR_1.o)
 .ARM.attributes
                0x000002c9       0x33 .\CortexM3\ARM_GCC_541\Debug\Main.a(ADC_SAR_1_INT.o)
 .ARM.attributes
                0x000002fc       0x33 .\CortexM3\ARM_GCC_541\Debug\Main.a(Control_Reg.o)
 .ARM.attributes
                0x0000032f       0x33 .\CortexM3\ARM_GCC_541\Debug\Main.a(Counter_INT.o)
 .ARM.attributes
                0x00000362       0x33 .\CortexM3\ARM_GCC_541\Debug\Main.a(Counter.o)
 .ARM.attributes
                0x00000395       0x33 .\CortexM3\ARM_GCC_541\Debug\Main.a(Timer.o)
 .ARM.attributes
                0x000003c8       0x33 .\CortexM3\ARM_GCC_541\Debug\Main.a(Timer_INT.o)
 .ARM.attributes
                0x000003fb       0x33 .\CortexM3\ARM_GCC_541\Debug\Main.a(in2.o)
 .ARM.attributes
                0x0000042e       0x33 .\CortexM3\ARM_GCC_541\Debug\Main.a(PWM2.o)
 .ARM.attributes
                0x00000461       0x33 .\CortexM3\ARM_GCC_541\Debug\Main.a(in3.o)
 .ARM.attributes
                0x00000494       0x33 .\CortexM3\ARM_GCC_541\Debug\Main.a(in4.o)
 .ARM.attributes
                0x000004c7       0x33 .\CortexM3\ARM_GCC_541\Debug\Main.a(S0.o)
 .ARM.attributes
                0x000004fa       0x33 .\CortexM3\ARM_GCC_541\Debug\Main.a(S1.o)
 .ARM.attributes
                0x0000052d       0x33 .\CortexM3\ARM_GCC_541\Debug\Main.a(S2.o)
 .ARM.attributes
                0x00000560       0x33 .\CortexM3\ARM_GCC_541\Debug\Main.a(S3.o)
 .ARM.attributes
                0x00000593       0x33 .\CortexM3\ARM_GCC_541\Debug\Main.a(OE.o)
 .ARM.attributes
                0x000005c6       0x33 .\CortexM3\ARM_GCC_541\Debug\Main.a(ADC_SAR_1_theACLK.o)
 .ARM.attributes
                0x000005f9       0x33 .\CortexM3\ARM_GCC_541\Debug\Main.a(CyLib.o)
 .ARM.attributes
                0x0000062c       0x33 .\CortexM3\ARM_GCC_541\Debug\Main.a(cyPm.o)
 .ARM.attributes
                0x0000065f       0x33 .\CortexM3\ARM_GCC_541\Debug\Main.a(I2C_SLAVE.o)
 .ARM.attributes
                0x00000692       0x33 .\CortexM3\ARM_GCC_541\Debug\Main.a(PWM_Trigger.o)
 .ARM.attributes
                0x000006c5       0x33 .\CortexM3\ARM_GCC_541\Debug\Main.a(Timer_1.o)
 .ARM.attributes
                0x000006f8       0x33 .\CortexM3\ARM_GCC_541\Debug\Main.a(Timer_int_1.o)
 .ARM.attributes
                0x0000072b       0x33 .\CortexM3\ARM_GCC_541\Debug\Main.a(LED.o)
 .ARM.attributes
                0x0000075e       0x21 .\CortexM3\ARM_GCC_541\Debug\Main.a(CyBootAsmGnu.o)
 .ARM.attributes
                0x0000077f       0x33 .\CortexM3\ARM_GCC_541\Debug\Main.a(CyFlash.o)
 .ARM.attributes
                0x000007b2       0x33 .\CortexM3\ARM_GCC_541\Debug\Main.a(CySpc.o)
 .ARM.attributes
                0x000007e5       0x1d c:/program files (x86)/cypress/psoc creator/4.3/psoc creator/import/gnu/arm/5.4.1/bin/../lib/gcc/arm-none-eabi/5.4.1/armv7-m\libgcc.a(_arm_addsubdf3.o)
 .ARM.attributes
                0x00000802       0x1d c:/program files (x86)/cypress/psoc creator/4.3/psoc creator/import/gnu/arm/5.4.1/bin/../lib/gcc/arm-none-eabi/5.4.1/armv7-m\libgcc.a(_arm_muldivdf3.o)
 .ARM.attributes
                0x0000081f       0x1d c:/program files (x86)/cypress/psoc creator/4.3/psoc creator/import/gnu/arm/5.4.1/bin/../lib/gcc/arm-none-eabi/5.4.1/armv7-m\libgcc.a(_arm_fixdfsi.o)
 .ARM.attributes
                0x0000083c       0x1d c:/program files (x86)/cypress/psoc creator/4.3/psoc creator/import/gnu/arm/5.4.1/bin/../lib/gcc/arm-none-eabi/5.4.1/armv7-m\libgcc.a(_arm_truncdfsf2.o)
 .ARM.attributes
                0x00000859       0x1d c:/program files (x86)/cypress/psoc creator/4.3/psoc creator/import/gnu/arm/5.4.1/bin/../lib/gcc/arm-none-eabi/5.4.1/armv7-m\libgcc.a(_arm_addsubsf3.o)
 .ARM.attributes
                0x00000876       0x1d c:/program files (x86)/cypress/psoc creator/4.3/psoc creator/import/gnu/arm/5.4.1/bin/../lib/gcc/arm-none-eabi/5.4.1/armv7-m\libgcc.a(_arm_muldivsf3.o)
 .ARM.attributes
                0x00000893       0x1d c:/program files (x86)/cypress/psoc creator/4.3/psoc creator/import/gnu/arm/5.4.1/bin/../lib/gcc/arm-none-eabi/5.4.1/armv7-m\libgcc.a(_aeabi_ldivmod.o)
 .ARM.attributes
                0x000008b0       0x2d c:/program files (x86)/cypress/psoc creator/4.3/psoc creator/import/gnu/arm/5.4.1/bin/../lib/gcc/arm-none-eabi/5.4.1/armv7-m\libgcc.a(_udivmoddi4.o)
 .ARM.attributes
                0x000008dd       0x1d c:/program files (x86)/cypress/psoc creator/4.3/psoc creator/import/gnu/arm/5.4.1/bin/../lib/gcc/arm-none-eabi/5.4.1/armv7-m\libgcc.a(_dvmd_tls.o)
 .ARM.attributes
                0x000008fa       0x2d c:/program files (x86)/cypress/psoc creator/4.3/psoc creator/import/gnu/arm/5.4.1/bin/../lib/gcc/arm-none-eabi/5.4.1/../../../../arm-none-eabi/lib/armv7-m\libg_nano.a(lib_a-errno.o)
 .ARM.attributes
                0x00000927       0x2d c:/program files (x86)/cypress/psoc creator/4.3/psoc creator/import/gnu/arm/5.4.1/bin/../lib/gcc/arm-none-eabi/5.4.1/../../../../arm-none-eabi/lib/armv7-m\libg_nano.a(lib_a-exit.o)
 .ARM.attributes
                0x00000954       0x2d c:/program files (x86)/cypress/psoc creator/4.3/psoc creator/import/gnu/arm/5.4.1/bin/../lib/gcc/arm-none-eabi/5.4.1/../../../../arm-none-eabi/lib/armv7-m\libg_nano.a(lib_a-impure.o)
 .ARM.attributes
                0x00000981       0x2d c:/program files (x86)/cypress/psoc creator/4.3/psoc creator/import/gnu/arm/5.4.1/bin/../lib/gcc/arm-none-eabi/5.4.1/../../../../arm-none-eabi/lib/armv7-m\libg_nano.a(lib_a-init.o)
 .ARM.attributes
                0x000009ae       0x2d c:/program files (x86)/cypress/psoc creator/4.3/psoc creator/import/gnu/arm/5.4.1/bin/../lib/gcc/arm-none-eabi/5.4.1/../../../../arm-none-eabi/lib/armv7-m\libg_nano.a(lib_a-memcpy-stub.o)
 .ARM.attributes
                0x000009db       0x2d c:/program files (x86)/cypress/psoc creator/4.3/psoc creator/import/gnu/arm/5.4.1/bin/../lib/gcc/arm-none-eabi/5.4.1/../../../../arm-none-eabi/lib/armv7-m\libg_nano.a(lib_a-memset.o)
 .ARM.attributes
                0x00000a08       0x2d c:/program files (x86)/cypress/psoc creator/4.3/psoc creator/import/gnu/arm/5.4.1/bin/../lib/gcc/arm-none-eabi/5.4.1/armv7-m/crtend.o
 .ARM.attributes
                0x00000a35       0x1d c:/program files (x86)/cypress/psoc creator/4.3/psoc creator/import/gnu/arm/5.4.1/bin/../lib/gcc/arm-none-eabi/5.4.1/armv7-m/crtn.o

/DISCARD/
 *(.note.GNU-stack)
OUTPUT(C:\Users\Simon\Desktop\Projekt3-2020\Kode\main_psoc\Main_Project\Main.cydsn\CortexM3\ARM_GCC_541\Debug\Main.elf elf32-littlearm)
